# vsim -t 1ps -voptargs="+acc" "+nowarnTFMPC" -c -do "run -all; quit -f" tb_axis_trigger "+VECTORS_DIR=../sim/vectors" -l logs/trigger_sim.log 
# Start time: 01:00:00 on Mar 27,2026
# ** Note: (vsim-8009) Loading existing optimized design _opt
# //  Questa Sim-64
# //  Version 10.7c linux_x86_64 Aug 17 2018
# //
# //  Copyright 1991-2018 Mentor Graphics Corporation
# //  All Rights Reserved.
# //
# //  QuestaSim and its associated documentation contain trade
# //  secrets and commercial or financial information that are the property of
# //  Mentor Graphics Corporation and are privileged, confidential,
# //  and exempt from disclosure under the Freedom of Information Act,
# //  5 U.S.C. Section 552. Furthermore, this information
# //  is prohibited from disclosure under the Trade Secrets Act,
# //  18 U.S.C. Section 1905.
# //
# Loading sv_std.std
# Loading work.axi_stream_pkg(fast)
# Loading work.tb_axis_trigger(fast)
# Loading work.axis_trigger(fast)
# run -all
# 
# 
# ╔═══════════════════════════════════════════════════════════╗
# ║     TESTBENCH: axis_trigger (QuestaSim Flow)             ║
# ╚═══════════════════════════════════════════════════════════╝
# Vectors directory: ../sim/vectors
# 
# ========== Test: trigger_rising_ramp ==========
# [CONFIG] Threshold=500, Mode=0, Samples=1000
# [LOAD] Leyendo estímulos: ../sim/vectors/trigger_rising_ramp_stimulus.hex
# [LOAD] Leyendo esperados: ../sim/vectors/trigger_rising_ramp_expected.hex
# [CONFIG] Trigger configurado: threshold=500, mode=TRIG_RISING
# [TEST] Enviando 1000 muestras...
# [3964000] FALSE NEGATIVE: Esperado trigger en muestra 488
# [7892000] FALSE POSITIVE: Trigger en muestra 979
# [ERROR] Watchdog timeout - simulación abortada
# ** Note: $finish    : ../tb/unit/tb_axis_trigger.sv(395)
#    Time: 1600 us  Iteration: 0  Instance: /tb_axis_trigger
# End time: 01:00:01 on Mar 27,2026, Elapsed time: 0:00:01
# Errors: 0, Warnings: 0
