# vsim -t 1ps -voptargs="+acc" "+nowarnTFMPC" -c -do "run -all; quit -f" tb_axis_ram_writer "+VECTORS_DIR=../sim/vectors" -l ../sim/logs/ram_writer_sim.log 
# Start time: 03:50:00 on Mar 28,2026
# ** Note: (vsim-3812) Design is being optimized...
# ** Note: (vopt-143) Recognized 1 FSM in module "axis_ram_writer(fast)".
# //  Questa Sim-64
# //  Version 10.7c linux_x86_64 Aug 17 2018
# //
# //  Copyright 1991-2018 Mentor Graphics Corporation
# //  All Rights Reserved.
# //
# //  QuestaSim and its associated documentation contain trade
# //  secrets and commercial or financial information that are the property of
# //  Mentor Graphics Corporation and are privileged, confidential,
# //  and exempt from disclosure under the Freedom of Information Act,
# //  5 U.S.C. Section 552. Furthermore, this information
# //  is prohibited from disclosure under the Trade Secrets Act,
# //  18 U.S.C. Section 1905.
# //
# Loading sv_std.std
# Loading work.axi_stream_pkg(fast)
# Loading work.tb_axis_ram_writer(fast)
# Loading work.axis_ram_writer(fast)
# run -all
# 
# 
# +------------------------------------------------------------+
# |         TESTBENCH: axis_ram_writer                         |
# +------------------------------------------------------------+
# 
# ========== TEST: Basic Write ==========
# [TB] Config: base=0x10000000
# [TB] Enviando 64 samples...
# [AXI] AW: addr=0x10000000, len=15
# [AXI] W: burst complete, 16 beats
# [TB] Verificando 64 samples...
# [TB] PASSED: 64 samples verificados
# 
# ========== TEST: Larger Packet ==========
# [TB] Config: base=0x10000000
# [TB] Enviando 256 samples...
# [AXI] AW: addr=0x10000000, len=15
# [AXI] W: burst complete, 16 beats
# [AXI] AW: addr=0x10000080, len=15
# [AXI] W: burst complete, 16 beats
# [AXI] AW: addr=0x10000100, len=15
# [AXI] W: burst complete, 16 beats
# [AXI] AW: addr=0x10000180, len=15
# [AXI] W: burst complete, 16 beats
# [TB] Verificando 256 samples...
# [TB] PASSED: 256 samples verificados
# 
# ========== TEST: Multiple Packets ==========
# [TB] Config: base=0x10000000
# [TB] Enviando 32 samples...
# [TB] Enviando segundo paquete...
# [AXI] AW: addr=0x10000000, len=15
# [AXI] W: burst complete, 16 beats
# [TB] Verificando primer paquete...
# [TB] Verificando 32 samples...
# [TB] PASSED: 32 samples verificados
# 
# 
# +------------------------------------------------------------+
# |                    RESUMEN                                 |
# +------------------------------------------------------------+
# |  Transacciones AW: 1                                       |
# |  Beats W:          16                                      |
# |  Respuestas B:     1                                       |
# |  Total bytes:      16                                      |
# +------------------------------------------------------------+
# |  >>> ALL TESTS PASSED                                     |
# +------------------------------------------------------------+
# 
# >>> Simulacion completada <<<
# 
# ** Note: $finish    : ../tb/unit/tb_axis_ram_writer.sv(395)
#    Time: 35356 ns  Iteration: 1  Instance: /tb_axis_ram_writer
# End time: 03:50:01 on Mar 28,2026, Elapsed time: 0:00:01
# Errors: 0, Warnings: 0, Suppressed Warnings: 1
