# vsim -t 1ps -voptargs="+acc" "+nowarnTFMPC" -c -do "run -all; quit -f" tb_axis_scope "+VECTORS_DIR=../sim/vectors" -l ../sim/logs/scope_sim.log 
# Start time: 01:17:49 on Mar 27,2026
# ** Note: (vsim-3812) Design is being optimized...
# ** Note: (vopt-143) Recognized 1 FSM in module "axis_scope(fast)".
# //  Questa Sim-64
# //  Version 10.7c linux_x86_64 Aug 17 2018
# //
# //  Copyright 1991-2018 Mentor Graphics Corporation
# //  All Rights Reserved.
# //
# //  QuestaSim and its associated documentation contain trade
# //  secrets and commercial or financial information that are the property of
# //  Mentor Graphics Corporation and are privileged, confidential,
# //  and exempt from disclosure under the Freedom of Information Act,
# //  5 U.S.C. Section 552. Furthermore, this information
# //  is prohibited from disclosure under the Trade Secrets Act,
# //  18 U.S.C. Section 1905.
# //
# Loading sv_std.std
# Loading work.axi_stream_pkg(fast)
# Loading work.tb_axis_scope(fast)
# Loading work.axis_scope(fast)
# run -all
# 
# 
# +------------------------------------------------------------+
# |            TESTBENCH: axis_scope                           |
# +------------------------------------------------------------+
# 
# ========== TEST: Basic Capture ==========
# [TB] Scope configured: pre=100, post=200
# [TB] Scope armed
# [TB] Trigger at sample 200
# [MON] TLAST received. Total samples: 300
# ** Error: [TB] Watchdog timeout
#    Time: 800 us  Scope: tb_axis_scope File: ../tb/unit/tb_axis_scope.sv Line: 495
# ** Note: $finish    : ../tb/unit/tb_axis_scope.sv(496)
#    Time: 800 us  Iteration: 0  Instance: /tb_axis_scope
# End time: 01:17:50 on Mar 27,2026, Elapsed time: 0:00:01
# Errors: 1, Warnings: 0, Suppressed Warnings: 1
