
+-----------------------------------------------------------+
|     TESTBENCH TLM: trigger (SystemC TLM 2.0 LT)          |
+-----------------------------------------------------------+
Vectors directory: ../../sim/vectors

========== Test: trigger_rising_ramp ==========

+-----------------------------------------------------------+
|                 RESUMEN DE RESULTADOS (TLM)               |
+-----------------------------------------------------------+
|  Triggers esperados:                                    1 |
|  Triggers detectados:                                   1 |
|  True Positives:                                        0 |
|  False Positives:                                       1 |
|  False Negatives:                                       1 |
+-----------------------------------------------------------+
|  >>> FAIL:   2 discrepancias encontradas                   |
+-----------------------------------------------------------+

+-----------------------------------------------------------+
|                    RESUMEN FINAL                          |
+-----------------------------------------------------------+
|  Tests ejecutados:                                     1 |
|  Tests PASSED:                                         0 |
|  Tests FAILED:                                         1 |
+-----------------------------------------------------------+
|  >>> REGRESSION FAILED                                   |
+-----------------------------------------------------------+
