
*** Running vivado
    with args -log system_wrapper.vdi -applog -m64 -product Vivado -messageDb vivado.pb -mode batch -source system_wrapper.tcl -notrace


****** Vivado v2024.1 (64-bit)
  **** SW Build 5076996 on Wed May 22 18:36:09 MDT 2024
  **** IP Build 5075265 on Wed May 22 21:45:21 MDT 2024
  **** SharedData Build 5076995 on Wed May 22 18:29:18 MDT 2024
  **** Start of session at: Wed Feb 11 16:10:14 2026
    ** Copyright 1986-2022 Xilinx, Inc. All Rights Reserved.
    ** Copyright 2022-2024 Advanced Micro Devices, Inc. All Rights Reserved.

source system_wrapper.tcl -notrace
INFO: [IP_Flow 19-234] Refreshing IP repositories
INFO: [IP_Flow 19-1700] Loaded user IP repository '/home/lorenzo/PI/red-pitaya-notes/tmp/cores'.
INFO: [IP_Flow 19-2313] Loaded Vivado IP repository '/tools/Xilinx/Vivado/2024.1/data/ip'.
Command: link_design -top system_wrapper -part xc7z010clg400-1
Design is defaulting to srcset: sources_1
Design is defaulting to constrset: constrs_1
INFO: [Device 21-403] Loading part xc7z010clg400-1
INFO: [Device 21-9227] Part: xc7z010clg400-1 does not have CEAM library.
Netlist sorting complete. Time (s): cpu = 00:00:00.04 ; elapsed = 00:00:00.04 . Memory (MB): peak = 1720.008 ; gain = 0.000 ; free physical = 2865 ; free virtual = 7442
INFO: [Netlist 29-17] Analyzing 277 Unisim elements for replacement
INFO: [Netlist 29-28] Unisim Transformation completed in 0 CPU seconds
INFO: [Project 1-479] Netlist was created with Vivado 2024.1
INFO: [Project 1-570] Preparing netlist for logic optimization
Parsing XDC File [/home/lorenzo/PI/red-pitaya-notes/projects/trigger_interrupts/trigger_interrupts.gen/sources_1/bd/system/ip/system_pll_0_0/system_pll_0_0_board.xdc] for cell 'system_i/pll_0/inst'
Finished Parsing XDC File [/home/lorenzo/PI/red-pitaya-notes/projects/trigger_interrupts/trigger_interrupts.gen/sources_1/bd/system/ip/system_pll_0_0/system_pll_0_0_board.xdc] for cell 'system_i/pll_0/inst'
Parsing XDC File [/home/lorenzo/PI/red-pitaya-notes/projects/trigger_interrupts/trigger_interrupts.gen/sources_1/bd/system/ip/system_pll_0_0/system_pll_0_0.xdc] for cell 'system_i/pll_0/inst'
INFO: [Timing 38-35] Done setting XDC timing constraints. [/home/lorenzo/PI/red-pitaya-notes/projects/trigger_interrupts/trigger_interrupts.gen/sources_1/bd/system/ip/system_pll_0_0/system_pll_0_0.xdc:54]
INFO: [Timing 38-2] Deriving generated clocks [/home/lorenzo/PI/red-pitaya-notes/projects/trigger_interrupts/trigger_interrupts.gen/sources_1/bd/system/ip/system_pll_0_0/system_pll_0_0.xdc:54]
Finished Parsing XDC File [/home/lorenzo/PI/red-pitaya-notes/projects/trigger_interrupts/trigger_interrupts.gen/sources_1/bd/system/ip/system_pll_0_0/system_pll_0_0.xdc] for cell 'system_i/pll_0/inst'
Parsing XDC File [/home/lorenzo/PI/red-pitaya-notes/projects/trigger_interrupts/trigger_interrupts.gen/sources_1/bd/system/ip/system_ps_0_0/system_ps_0_0.xdc] for cell 'system_i/ps_0/inst'
Finished Parsing XDC File [/home/lorenzo/PI/red-pitaya-notes/projects/trigger_interrupts/trigger_interrupts.gen/sources_1/bd/system/ip/system_ps_0_0/system_ps_0_0.xdc] for cell 'system_i/ps_0/inst'
Parsing XDC File [/home/lorenzo/PI/red-pitaya-notes/projects/trigger_interrupts/trigger_interrupts.gen/sources_1/bd/system/ip/system_rst_0_0/system_rst_0_0_board.xdc] for cell 'system_i/rst_0/U0'
Finished Parsing XDC File [/home/lorenzo/PI/red-pitaya-notes/projects/trigger_interrupts/trigger_interrupts.gen/sources_1/bd/system/ip/system_rst_0_0/system_rst_0_0_board.xdc] for cell 'system_i/rst_0/U0'
Parsing XDC File [/home/lorenzo/PI/red-pitaya-notes/projects/trigger_interrupts/trigger_interrupts.gen/sources_1/bd/system/ip/system_rst_0_0/system_rst_0_0.xdc] for cell 'system_i/rst_0/U0'
WARNING: [Vivado_Tcl 4-921] Waiver ID 'CDC-11' -to list should not be empty. [/home/lorenzo/PI/red-pitaya-notes/projects/trigger_interrupts/trigger_interrupts.gen/sources_1/bd/system/ip/system_rst_0_0/system_rst_0_0.xdc:50]
Finished Parsing XDC File [/home/lorenzo/PI/red-pitaya-notes/projects/trigger_interrupts/trigger_interrupts.gen/sources_1/bd/system/ip/system_rst_0_0/system_rst_0_0.xdc] for cell 'system_i/rst_0/U0'
Parsing XDC File [/home/lorenzo/PI/red-pitaya-notes/projects/trigger_interrupts/trigger_interrupts.srcs/constrs_1/imports/cfg/clocks.xdc]
Finished Parsing XDC File [/home/lorenzo/PI/red-pitaya-notes/projects/trigger_interrupts/trigger_interrupts.srcs/constrs_1/imports/cfg/clocks.xdc]
Parsing XDC File [/home/lorenzo/PI/red-pitaya-notes/projects/trigger_interrupts/trigger_interrupts.srcs/constrs_1/imports/cfg/ports.xdc]
WARNING: [Vivado 12-584] No ports matched 'Vp_Vn_v_p'. [/home/lorenzo/PI/red-pitaya-notes/projects/trigger_interrupts/trigger_interrupts.srcs/constrs_1/imports/cfg/ports.xdc:127]
CRITICAL WARNING: [Common 17-55] 'set_property' expects at least one object. [/home/lorenzo/PI/red-pitaya-notes/projects/trigger_interrupts/trigger_interrupts.srcs/constrs_1/imports/cfg/ports.xdc:127]
Resolution: If [get_<value>] was used to populate the object, check to make sure this command returns at least one valid object.
WARNING: [Vivado 12-584] No ports matched 'Vp_Vn_v_n'. [/home/lorenzo/PI/red-pitaya-notes/projects/trigger_interrupts/trigger_interrupts.srcs/constrs_1/imports/cfg/ports.xdc:128]
CRITICAL WARNING: [Common 17-55] 'set_property' expects at least one object. [/home/lorenzo/PI/red-pitaya-notes/projects/trigger_interrupts/trigger_interrupts.srcs/constrs_1/imports/cfg/ports.xdc:128]
Resolution: If [get_<value>] was used to populate the object, check to make sure this command returns at least one valid object.
WARNING: [Vivado 12-584] No ports matched 'Vaux0_v_p'. [/home/lorenzo/PI/red-pitaya-notes/projects/trigger_interrupts/trigger_interrupts.srcs/constrs_1/imports/cfg/ports.xdc:129]
CRITICAL WARNING: [Common 17-55] 'set_property' expects at least one object. [/home/lorenzo/PI/red-pitaya-notes/projects/trigger_interrupts/trigger_interrupts.srcs/constrs_1/imports/cfg/ports.xdc:129]
Resolution: If [get_<value>] was used to populate the object, check to make sure this command returns at least one valid object.
WARNING: [Vivado 12-584] No ports matched 'Vaux0_v_n'. [/home/lorenzo/PI/red-pitaya-notes/projects/trigger_interrupts/trigger_interrupts.srcs/constrs_1/imports/cfg/ports.xdc:130]
CRITICAL WARNING: [Common 17-55] 'set_property' expects at least one object. [/home/lorenzo/PI/red-pitaya-notes/projects/trigger_interrupts/trigger_interrupts.srcs/constrs_1/imports/cfg/ports.xdc:130]
Resolution: If [get_<value>] was used to populate the object, check to make sure this command returns at least one valid object.
WARNING: [Vivado 12-584] No ports matched 'Vaux1_v_p'. [/home/lorenzo/PI/red-pitaya-notes/projects/trigger_interrupts/trigger_interrupts.srcs/constrs_1/imports/cfg/ports.xdc:131]
CRITICAL WARNING: [Common 17-55] 'set_property' expects at least one object. [/home/lorenzo/PI/red-pitaya-notes/projects/trigger_interrupts/trigger_interrupts.srcs/constrs_1/imports/cfg/ports.xdc:131]
Resolution: If [get_<value>] was used to populate the object, check to make sure this command returns at least one valid object.
WARNING: [Vivado 12-584] No ports matched 'Vaux1_v_n'. [/home/lorenzo/PI/red-pitaya-notes/projects/trigger_interrupts/trigger_interrupts.srcs/constrs_1/imports/cfg/ports.xdc:132]
CRITICAL WARNING: [Common 17-55] 'set_property' expects at least one object. [/home/lorenzo/PI/red-pitaya-notes/projects/trigger_interrupts/trigger_interrupts.srcs/constrs_1/imports/cfg/ports.xdc:132]
Resolution: If [get_<value>] was used to populate the object, check to make sure this command returns at least one valid object.
WARNING: [Vivado 12-584] No ports matched 'Vaux8_v_p'. [/home/lorenzo/PI/red-pitaya-notes/projects/trigger_interrupts/trigger_interrupts.srcs/constrs_1/imports/cfg/ports.xdc:133]
CRITICAL WARNING: [Common 17-55] 'set_property' expects at least one object. [/home/lorenzo/PI/red-pitaya-notes/projects/trigger_interrupts/trigger_interrupts.srcs/constrs_1/imports/cfg/ports.xdc:133]
Resolution: If [get_<value>] was used to populate the object, check to make sure this command returns at least one valid object.
WARNING: [Vivado 12-584] No ports matched 'Vaux8_v_n'. [/home/lorenzo/PI/red-pitaya-notes/projects/trigger_interrupts/trigger_interrupts.srcs/constrs_1/imports/cfg/ports.xdc:134]
CRITICAL WARNING: [Common 17-55] 'set_property' expects at least one object. [/home/lorenzo/PI/red-pitaya-notes/projects/trigger_interrupts/trigger_interrupts.srcs/constrs_1/imports/cfg/ports.xdc:134]
Resolution: If [get_<value>] was used to populate the object, check to make sure this command returns at least one valid object.
WARNING: [Vivado 12-584] No ports matched 'Vaux9_v_p'. [/home/lorenzo/PI/red-pitaya-notes/projects/trigger_interrupts/trigger_interrupts.srcs/constrs_1/imports/cfg/ports.xdc:135]
CRITICAL WARNING: [Common 17-55] 'set_property' expects at least one object. [/home/lorenzo/PI/red-pitaya-notes/projects/trigger_interrupts/trigger_interrupts.srcs/constrs_1/imports/cfg/ports.xdc:135]
Resolution: If [get_<value>] was used to populate the object, check to make sure this command returns at least one valid object.
WARNING: [Vivado 12-584] No ports matched 'Vaux9_v_n'. [/home/lorenzo/PI/red-pitaya-notes/projects/trigger_interrupts/trigger_interrupts.srcs/constrs_1/imports/cfg/ports.xdc:136]
CRITICAL WARNING: [Common 17-55] 'set_property' expects at least one object. [/home/lorenzo/PI/red-pitaya-notes/projects/trigger_interrupts/trigger_interrupts.srcs/constrs_1/imports/cfg/ports.xdc:136]
Resolution: If [get_<value>] was used to populate the object, check to make sure this command returns at least one valid object.
WARNING: [Vivado 12-584] No ports matched 'Vp_Vn_v_p'. [/home/lorenzo/PI/red-pitaya-notes/projects/trigger_interrupts/trigger_interrupts.srcs/constrs_1/imports/cfg/ports.xdc:138]
CRITICAL WARNING: [Common 17-55] 'set_property' expects at least one object. [/home/lorenzo/PI/red-pitaya-notes/projects/trigger_interrupts/trigger_interrupts.srcs/constrs_1/imports/cfg/ports.xdc:138]
Resolution: If [get_<value>] was used to populate the object, check to make sure this command returns at least one valid object.
WARNING: [Vivado 12-584] No ports matched 'Vp_Vn_v_n'. [/home/lorenzo/PI/red-pitaya-notes/projects/trigger_interrupts/trigger_interrupts.srcs/constrs_1/imports/cfg/ports.xdc:139]
CRITICAL WARNING: [Common 17-55] 'set_property' expects at least one object. [/home/lorenzo/PI/red-pitaya-notes/projects/trigger_interrupts/trigger_interrupts.srcs/constrs_1/imports/cfg/ports.xdc:139]
Resolution: If [get_<value>] was used to populate the object, check to make sure this command returns at least one valid object.
WARNING: [Vivado 12-584] No ports matched 'Vaux0_v_p'. [/home/lorenzo/PI/red-pitaya-notes/projects/trigger_interrupts/trigger_interrupts.srcs/constrs_1/imports/cfg/ports.xdc:140]
CRITICAL WARNING: [Common 17-55] 'set_property' expects at least one object. [/home/lorenzo/PI/red-pitaya-notes/projects/trigger_interrupts/trigger_interrupts.srcs/constrs_1/imports/cfg/ports.xdc:140]
Resolution: If [get_<value>] was used to populate the object, check to make sure this command returns at least one valid object.
WARNING: [Vivado 12-584] No ports matched 'Vaux0_v_n'. [/home/lorenzo/PI/red-pitaya-notes/projects/trigger_interrupts/trigger_interrupts.srcs/constrs_1/imports/cfg/ports.xdc:141]
CRITICAL WARNING: [Common 17-55] 'set_property' expects at least one object. [/home/lorenzo/PI/red-pitaya-notes/projects/trigger_interrupts/trigger_interrupts.srcs/constrs_1/imports/cfg/ports.xdc:141]
Resolution: If [get_<value>] was used to populate the object, check to make sure this command returns at least one valid object.
WARNING: [Vivado 12-584] No ports matched 'Vaux1_v_p'. [/home/lorenzo/PI/red-pitaya-notes/projects/trigger_interrupts/trigger_interrupts.srcs/constrs_1/imports/cfg/ports.xdc:142]
CRITICAL WARNING: [Common 17-55] 'set_property' expects at least one object. [/home/lorenzo/PI/red-pitaya-notes/projects/trigger_interrupts/trigger_interrupts.srcs/constrs_1/imports/cfg/ports.xdc:142]
Resolution: If [get_<value>] was used to populate the object, check to make sure this command returns at least one valid object.
WARNING: [Vivado 12-584] No ports matched 'Vaux1_v_n'. [/home/lorenzo/PI/red-pitaya-notes/projects/trigger_interrupts/trigger_interrupts.srcs/constrs_1/imports/cfg/ports.xdc:143]
CRITICAL WARNING: [Common 17-55] 'set_property' expects at least one object. [/home/lorenzo/PI/red-pitaya-notes/projects/trigger_interrupts/trigger_interrupts.srcs/constrs_1/imports/cfg/ports.xdc:143]
Resolution: If [get_<value>] was used to populate the object, check to make sure this command returns at least one valid object.
WARNING: [Vivado 12-584] No ports matched 'Vaux8_v_p'. [/home/lorenzo/PI/red-pitaya-notes/projects/trigger_interrupts/trigger_interrupts.srcs/constrs_1/imports/cfg/ports.xdc:144]
CRITICAL WARNING: [Common 17-55] 'set_property' expects at least one object. [/home/lorenzo/PI/red-pitaya-notes/projects/trigger_interrupts/trigger_interrupts.srcs/constrs_1/imports/cfg/ports.xdc:144]
Resolution: If [get_<value>] was used to populate the object, check to make sure this command returns at least one valid object.
WARNING: [Vivado 12-584] No ports matched 'Vaux8_v_n'. [/home/lorenzo/PI/red-pitaya-notes/projects/trigger_interrupts/trigger_interrupts.srcs/constrs_1/imports/cfg/ports.xdc:145]
CRITICAL WARNING: [Common 17-55] 'set_property' expects at least one object. [/home/lorenzo/PI/red-pitaya-notes/projects/trigger_interrupts/trigger_interrupts.srcs/constrs_1/imports/cfg/ports.xdc:145]
Resolution: If [get_<value>] was used to populate the object, check to make sure this command returns at least one valid object.
WARNING: [Vivado 12-584] No ports matched 'Vaux9_v_p'. [/home/lorenzo/PI/red-pitaya-notes/projects/trigger_interrupts/trigger_interrupts.srcs/constrs_1/imports/cfg/ports.xdc:146]
CRITICAL WARNING: [Common 17-55] 'set_property' expects at least one object. [/home/lorenzo/PI/red-pitaya-notes/projects/trigger_interrupts/trigger_interrupts.srcs/constrs_1/imports/cfg/ports.xdc:146]
Resolution: If [get_<value>] was used to populate the object, check to make sure this command returns at least one valid object.
WARNING: [Vivado 12-584] No ports matched 'Vaux9_v_n'. [/home/lorenzo/PI/red-pitaya-notes/projects/trigger_interrupts/trigger_interrupts.srcs/constrs_1/imports/cfg/ports.xdc:147]
CRITICAL WARNING: [Common 17-55] 'set_property' expects at least one object. [/home/lorenzo/PI/red-pitaya-notes/projects/trigger_interrupts/trigger_interrupts.srcs/constrs_1/imports/cfg/ports.xdc:147]
Resolution: If [get_<value>] was used to populate the object, check to make sure this command returns at least one valid object.
WARNING: [Vivado 12-584] No ports matched 'daisy_p_o[*]'. [/home/lorenzo/PI/red-pitaya-notes/projects/trigger_interrupts/trigger_interrupts.srcs/constrs_1/imports/cfg/ports.xdc:177]
CRITICAL WARNING: [Common 17-55] 'set_property' expects at least one object. [/home/lorenzo/PI/red-pitaya-notes/projects/trigger_interrupts/trigger_interrupts.srcs/constrs_1/imports/cfg/ports.xdc:177]
Resolution: If [get_<value>] was used to populate the object, check to make sure this command returns at least one valid object.
WARNING: [Vivado 12-584] No ports matched 'daisy_n_o[*]'. [/home/lorenzo/PI/red-pitaya-notes/projects/trigger_interrupts/trigger_interrupts.srcs/constrs_1/imports/cfg/ports.xdc:178]
CRITICAL WARNING: [Common 17-55] 'set_property' expects at least one object. [/home/lorenzo/PI/red-pitaya-notes/projects/trigger_interrupts/trigger_interrupts.srcs/constrs_1/imports/cfg/ports.xdc:178]
Resolution: If [get_<value>] was used to populate the object, check to make sure this command returns at least one valid object.
WARNING: [Vivado 12-584] No ports matched 'daisy_p_i[*]'. [/home/lorenzo/PI/red-pitaya-notes/projects/trigger_interrupts/trigger_interrupts.srcs/constrs_1/imports/cfg/ports.xdc:180]
CRITICAL WARNING: [Common 17-55] 'set_property' expects at least one object. [/home/lorenzo/PI/red-pitaya-notes/projects/trigger_interrupts/trigger_interrupts.srcs/constrs_1/imports/cfg/ports.xdc:180]
Resolution: If [get_<value>] was used to populate the object, check to make sure this command returns at least one valid object.
WARNING: [Vivado 12-584] No ports matched 'daisy_n_i[*]'. [/home/lorenzo/PI/red-pitaya-notes/projects/trigger_interrupts/trigger_interrupts.srcs/constrs_1/imports/cfg/ports.xdc:181]
CRITICAL WARNING: [Common 17-55] 'set_property' expects at least one object. [/home/lorenzo/PI/red-pitaya-notes/projects/trigger_interrupts/trigger_interrupts.srcs/constrs_1/imports/cfg/ports.xdc:181]
Resolution: If [get_<value>] was used to populate the object, check to make sure this command returns at least one valid object.
WARNING: [Vivado 12-584] No ports matched 'daisy_p_o[0]'. [/home/lorenzo/PI/red-pitaya-notes/projects/trigger_interrupts/trigger_interrupts.srcs/constrs_1/imports/cfg/ports.xdc:183]
CRITICAL WARNING: [Common 17-55] 'set_property' expects at least one object. [/home/lorenzo/PI/red-pitaya-notes/projects/trigger_interrupts/trigger_interrupts.srcs/constrs_1/imports/cfg/ports.xdc:183]
Resolution: If [get_<value>] was used to populate the object, check to make sure this command returns at least one valid object.
WARNING: [Vivado 12-584] No ports matched 'daisy_n_o[0]'. [/home/lorenzo/PI/red-pitaya-notes/projects/trigger_interrupts/trigger_interrupts.srcs/constrs_1/imports/cfg/ports.xdc:184]
CRITICAL WARNING: [Common 17-55] 'set_property' expects at least one object. [/home/lorenzo/PI/red-pitaya-notes/projects/trigger_interrupts/trigger_interrupts.srcs/constrs_1/imports/cfg/ports.xdc:184]
Resolution: If [get_<value>] was used to populate the object, check to make sure this command returns at least one valid object.
WARNING: [Vivado 12-584] No ports matched 'daisy_p_o[1]'. [/home/lorenzo/PI/red-pitaya-notes/projects/trigger_interrupts/trigger_interrupts.srcs/constrs_1/imports/cfg/ports.xdc:186]
CRITICAL WARNING: [Common 17-55] 'set_property' expects at least one object. [/home/lorenzo/PI/red-pitaya-notes/projects/trigger_interrupts/trigger_interrupts.srcs/constrs_1/imports/cfg/ports.xdc:186]
Resolution: If [get_<value>] was used to populate the object, check to make sure this command returns at least one valid object.
WARNING: [Vivado 12-584] No ports matched 'daisy_n_o[1]'. [/home/lorenzo/PI/red-pitaya-notes/projects/trigger_interrupts/trigger_interrupts.srcs/constrs_1/imports/cfg/ports.xdc:187]
CRITICAL WARNING: [Common 17-55] 'set_property' expects at least one object. [/home/lorenzo/PI/red-pitaya-notes/projects/trigger_interrupts/trigger_interrupts.srcs/constrs_1/imports/cfg/ports.xdc:187]
Resolution: If [get_<value>] was used to populate the object, check to make sure this command returns at least one valid object.
WARNING: [Vivado 12-584] No ports matched 'daisy_p_i[0]'. [/home/lorenzo/PI/red-pitaya-notes/projects/trigger_interrupts/trigger_interrupts.srcs/constrs_1/imports/cfg/ports.xdc:189]
CRITICAL WARNING: [Common 17-55] 'set_property' expects at least one object. [/home/lorenzo/PI/red-pitaya-notes/projects/trigger_interrupts/trigger_interrupts.srcs/constrs_1/imports/cfg/ports.xdc:189]
Resolution: If [get_<value>] was used to populate the object, check to make sure this command returns at least one valid object.
WARNING: [Vivado 12-584] No ports matched 'daisy_n_i[0]'. [/home/lorenzo/PI/red-pitaya-notes/projects/trigger_interrupts/trigger_interrupts.srcs/constrs_1/imports/cfg/ports.xdc:190]
CRITICAL WARNING: [Common 17-55] 'set_property' expects at least one object. [/home/lorenzo/PI/red-pitaya-notes/projects/trigger_interrupts/trigger_interrupts.srcs/constrs_1/imports/cfg/ports.xdc:190]
Resolution: If [get_<value>] was used to populate the object, check to make sure this command returns at least one valid object.
WARNING: [Vivado 12-584] No ports matched 'daisy_p_i[1]'. [/home/lorenzo/PI/red-pitaya-notes/projects/trigger_interrupts/trigger_interrupts.srcs/constrs_1/imports/cfg/ports.xdc:192]
CRITICAL WARNING: [Common 17-55] 'set_property' expects at least one object. [/home/lorenzo/PI/red-pitaya-notes/projects/trigger_interrupts/trigger_interrupts.srcs/constrs_1/imports/cfg/ports.xdc:192]
Resolution: If [get_<value>] was used to populate the object, check to make sure this command returns at least one valid object.
WARNING: [Vivado 12-584] No ports matched 'daisy_n_i[1]'. [/home/lorenzo/PI/red-pitaya-notes/projects/trigger_interrupts/trigger_interrupts.srcs/constrs_1/imports/cfg/ports.xdc:193]
CRITICAL WARNING: [Common 17-55] 'set_property' expects at least one object. [/home/lorenzo/PI/red-pitaya-notes/projects/trigger_interrupts/trigger_interrupts.srcs/constrs_1/imports/cfg/ports.xdc:193]
Resolution: If [get_<value>] was used to populate the object, check to make sure this command returns at least one valid object.
Finished Parsing XDC File [/home/lorenzo/PI/red-pitaya-notes/projects/trigger_interrupts/trigger_interrupts.srcs/constrs_1/imports/cfg/ports.xdc]
INFO: [Opt 31-138] Pushed 0 inverter(s) to 0 load pin(s).
INFO: [Project 1-1687] 3 scoped IP constraints or related sub-commands were skipped due to synthesis logic optimizations usually triggered by constant connectivity or unconnected output pins. To review the skipped constraints and messages, run the command 'set_param netlist.IPMsgFiltering false' before opening the design.
Netlist sorting complete. Time (s): cpu = 00:00:00 ; elapsed = 00:00:00 . Memory (MB): peak = 2770.449 ; gain = 0.000 ; free physical = 2285 ; free virtual = 6855
INFO: [Project 1-111] Unisim Transformation Summary:
  A total of 8 instances were transformed.
  IOBUF => IOBUF (IBUF, OBUFT): 8 instances

14 Infos, 33 Warnings, 32 Critical Warnings and 0 Errors encountered.
link_design completed successfully
link_design: Time (s): cpu = 00:00:11 ; elapsed = 00:00:11 . Memory (MB): peak = 2770.449 ; gain = 1387.590 ; free physical = 2285 ; free virtual = 6855
Command: opt_design -directive ExploreWithRemap
INFO: [Vivado_Tcl 4-136] Directive used for opt_design is: ExploreWithRemap
Attempting to get a license for feature 'Implementation' and/or device 'xc7z010'
INFO: [Common 17-349] Got license for feature 'Implementation' and/or device 'xc7z010'
Running DRC as a precondition to command opt_design

Starting DRC Task
INFO: [DRC 23-27] Running DRC with 8 threads
INFO: [Project 1-461] DRC finished with 0 Errors, 8 Warnings
INFO: [Project 1-462] Please refer to the DRC report (report_drc) for more information.

Time (s): cpu = 00:00:00.71 ; elapsed = 00:00:00.41 . Memory (MB): peak = 2770.449 ; gain = 0.000 ; free physical = 2287 ; free virtual = 6849

Starting Logic Optimization Task

Phase 1 Initialization

Phase 1.1 Core Generation And Design Setup
Phase 1.1 Core Generation And Design Setup | Checksum: 25251749e

Time (s): cpu = 00:00:00 ; elapsed = 00:00:00 . Memory (MB): peak = 2770.449 ; gain = 0.000 ; free physical = 2020 ; free virtual = 6580

Phase 1.2 Setup Constraints And Sort Netlist
Phase 1.2 Setup Constraints And Sort Netlist | Checksum: 25251749e

Time (s): cpu = 00:00:00.01 ; elapsed = 00:00:00.01 . Memory (MB): peak = 2770.449 ; gain = 0.000 ; free physical = 2020 ; free virtual = 6580
Phase 1 Initialization | Checksum: 25251749e

Time (s): cpu = 00:00:00.01 ; elapsed = 00:00:00.01 . Memory (MB): peak = 2770.449 ; gain = 0.000 ; free physical = 2020 ; free virtual = 6580

Phase 2 Timer Update And Timing Data Collection

Phase 2.1 Timer Update
INFO: [Timing 38-35] Done setting XDC timing constraints.
Phase 2.1 Timer Update | Checksum: 25251749e

Time (s): cpu = 00:00:00.37 ; elapsed = 00:00:00.12 . Memory (MB): peak = 2770.449 ; gain = 0.000 ; free physical = 2001 ; free virtual = 6560

Phase 2.2 Timing Data Collection
Phase 2.2 Timing Data Collection | Checksum: 25251749e

Time (s): cpu = 00:00:00.38 ; elapsed = 00:00:00.14 . Memory (MB): peak = 2770.449 ; gain = 0.000 ; free physical = 1992 ; free virtual = 6552
Phase 2 Timer Update And Timing Data Collection | Checksum: 25251749e

Time (s): cpu = 00:00:00.38 ; elapsed = 00:00:00.14 . Memory (MB): peak = 2770.449 ; gain = 0.000 ; free physical = 1992 ; free virtual = 6552

Phase 3 Retarget
INFO: [Opt 31-1834] Total Chains To Be Transformed Were: 0 AND Number of Transformed insts Created are: 0
INFO: [Opt 31-138] Pushed 0 inverter(s) to 0 load pin(s).
INFO: [Opt 31-49] Retargeted 0 cell(s).
Phase 3 Retarget | Checksum: 1ed9dc112

Time (s): cpu = 00:00:00.48 ; elapsed = 00:00:00.24 . Memory (MB): peak = 2770.449 ; gain = 0.000 ; free physical = 1992 ; free virtual = 6552
Retarget | Checksum: 1ed9dc112
INFO: [Opt 31-389] Phase Retarget created 0 cells and removed 64 cells
INFO: [Opt 31-1021] In phase Retarget, 1 netlist objects are constrained preventing optimization. Please run opt_design with -debug_log to get more detail. 

Phase 4 Constant propagation
INFO: [Opt 31-138] Pushed 0 inverter(s) to 0 load pin(s).
Phase 4 Constant propagation | Checksum: 1b1de02d9

Time (s): cpu = 00:00:00.58 ; elapsed = 00:00:00.34 . Memory (MB): peak = 2770.449 ; gain = 0.000 ; free physical = 1983 ; free virtual = 6543
Constant propagation | Checksum: 1b1de02d9
INFO: [Opt 31-389] Phase Constant propagation created 770 cells and removed 770 cells

Phase 5 Sweep
Phase 5 Sweep | Checksum: 265b74124

Time (s): cpu = 00:00:00.64 ; elapsed = 00:00:00.41 . Memory (MB): peak = 2770.449 ; gain = 0.000 ; free physical = 1982 ; free virtual = 6542
Sweep | Checksum: 265b74124
INFO: [Opt 31-389] Phase Sweep created 0 cells and removed 9 cells

Phase 6 BUFG optimization
Phase 6 BUFG optimization | Checksum: 265b74124

Time (s): cpu = 00:00:00.68 ; elapsed = 00:00:00.43 . Memory (MB): peak = 2770.449 ; gain = 0.000 ; free physical = 1982 ; free virtual = 6542
BUFG optimization | Checksum: 265b74124
INFO: [Opt 31-662] Phase BUFG optimization created 0 cells of which 0 are BUFGs and removed 0 cells.

Phase 7 Shift Register Optimization
INFO: [Opt 31-1064] SRL Remap converted 0 SRLs to 0 registers and converted 0 registers of register chains to 0 SRLs
Phase 7 Shift Register Optimization | Checksum: 265b74124

Time (s): cpu = 00:00:00.69 ; elapsed = 00:00:00.44 . Memory (MB): peak = 2770.449 ; gain = 0.000 ; free physical = 1982 ; free virtual = 6542
Shift Register Optimization | Checksum: 265b74124
INFO: [Opt 31-389] Phase Shift Register Optimization created 0 cells and removed 0 cells
INFO: [Opt 31-1555] control_set_opt supports Versal devices only, and device 7z010 is unsupported

Phase 8 Remap
Phase 8 Remap | Checksum: 17ddb267e

Time (s): cpu = 00:00:03 ; elapsed = 00:00:03 . Memory (MB): peak = 3005.992 ; gain = 235.543 ; free physical = 1546 ; free virtual = 6175
Remap | Checksum: 17ddb267e
INFO: [Opt 31-389] Phase Remap created 28 cells and removed 27 cells

Phase 9 Post Processing Netlist
Phase 9 Post Processing Netlist | Checksum: 16f6e855a

Time (s): cpu = 00:00:03 ; elapsed = 00:00:03 . Memory (MB): peak = 3005.992 ; gain = 235.543 ; free physical = 1546 ; free virtual = 6175
Post Processing Netlist | Checksum: 16f6e855a
INFO: [Opt 31-389] Phase Post Processing Netlist created 0 cells and removed 0 cells

Phase 10 Finalization

Phase 10.1 Finalizing Design Cores and Updating Shapes
Phase 10.1 Finalizing Design Cores and Updating Shapes | Checksum: 2886403ba

Time (s): cpu = 00:00:03 ; elapsed = 00:00:03 . Memory (MB): peak = 3005.992 ; gain = 235.543 ; free physical = 1564 ; free virtual = 6194

Phase 10.2 Verifying Netlist Connectivity

Starting Connectivity Check Task

Time (s): cpu = 00:00:00 ; elapsed = 00:00:00 . Memory (MB): peak = 3005.992 ; gain = 0.000 ; free physical = 1564 ; free virtual = 6194
Phase 10.2 Verifying Netlist Connectivity | Checksum: 2886403ba

Time (s): cpu = 00:00:03 ; elapsed = 00:00:03 . Memory (MB): peak = 3005.992 ; gain = 235.543 ; free physical = 1564 ; free virtual = 6194
Phase 10 Finalization | Checksum: 2886403ba

Time (s): cpu = 00:00:03 ; elapsed = 00:00:03 . Memory (MB): peak = 3005.992 ; gain = 235.543 ; free physical = 1564 ; free virtual = 6194
Opt_design Change Summary
=========================


-------------------------------------------------------------------------------------------------------------------------
|  Phase                        |  #Cells created  |  #Cells Removed  |  #Constrained objects preventing optimizations  |
-------------------------------------------------------------------------------------------------------------------------
|  Retarget                     |               0  |              64  |                                              1  |
|  Constant propagation         |             770  |             770  |                                              0  |
|  Sweep                        |               0  |               9  |                                              0  |
|  BUFG optimization            |               0  |               0  |                                              0  |
|  Shift Register Optimization  |               0  |               0  |                                              0  |
|  Remap                        |              28  |              27  |                                              0  |
|  Post Processing Netlist      |               0  |               0  |                                              0  |
-------------------------------------------------------------------------------------------------------------------------


Ending Logic Optimization Task | Checksum: 2886403ba

Time (s): cpu = 00:00:03 ; elapsed = 00:00:03 . Memory (MB): peak = 3005.992 ; gain = 235.543 ; free physical = 1564 ; free virtual = 6194

Starting Netlist Obfuscation Task
Netlist sorting complete. Time (s): cpu = 00:00:00 ; elapsed = 00:00:00 . Memory (MB): peak = 3005.992 ; gain = 0.000 ; free physical = 1564 ; free virtual = 6194
Ending Netlist Obfuscation Task | Checksum: 2886403ba

Time (s): cpu = 00:00:00 ; elapsed = 00:00:00 . Memory (MB): peak = 3005.992 ; gain = 0.000 ; free physical = 1564 ; free virtual = 6194
INFO: [Common 17-83] Releasing license: Implementation
35 Infos, 33 Warnings, 32 Critical Warnings and 0 Errors encountered.
opt_design completed successfully
INFO: [Vivado 12-24828] Executing command : report_drc -file system_wrapper_drc_opted.rpt -pb system_wrapper_drc_opted.pb -rpx system_wrapper_drc_opted.rpx
Command: report_drc -file system_wrapper_drc_opted.rpt -pb system_wrapper_drc_opted.pb -rpx system_wrapper_drc_opted.rpx
INFO: [IP_Flow 19-1839] IP Catalog is up to date.
INFO: [DRC 23-27] Running DRC with 8 threads
INFO: [Vivado_Tcl 2-168] The results of DRC are in file /home/lorenzo/PI/red-pitaya-notes/projects/trigger_interrupts/trigger_interrupts.runs/impl_1/system_wrapper_drc_opted.rpt.
report_drc completed successfully
INFO: [Timing 38-35] Done setting XDC timing constraints.
INFO: [Timing 38-480] Writing timing data to binary archive.
Write ShapeDB Complete: Time (s): cpu = 00:00:00.04 ; elapsed = 00:00:00.02 . Memory (MB): peak = 3101.973 ; gain = 0.000 ; free physical = 1508 ; free virtual = 6125
Wrote PlaceDB: Time (s): cpu = 00:00:00.04 ; elapsed = 00:00:00.02 . Memory (MB): peak = 3101.973 ; gain = 0.000 ; free physical = 1508 ; free virtual = 6125
Wrote PulsedLatchDB: Time (s): cpu = 00:00:00 ; elapsed = 00:00:00 . Memory (MB): peak = 3101.973 ; gain = 0.000 ; free physical = 1508 ; free virtual = 6125
Writing XDEF routing.
Writing XDEF routing logical nets.
Writing XDEF routing special nets.
Wrote RouteStorage: Time (s): cpu = 00:00:00.07 ; elapsed = 00:00:00.02 . Memory (MB): peak = 3101.973 ; gain = 0.000 ; free physical = 1504 ; free virtual = 6122
Wrote Netlist Cache: Time (s): cpu = 00:00:00 ; elapsed = 00:00:00 . Memory (MB): peak = 3101.973 ; gain = 0.000 ; free physical = 1504 ; free virtual = 6122
Wrote Device Cache: Time (s): cpu = 00:00:00.01 ; elapsed = 00:00:00 . Memory (MB): peak = 3101.973 ; gain = 0.000 ; free physical = 1502 ; free virtual = 6121
Write Physdb Complete: Time (s): cpu = 00:00:00.13 ; elapsed = 00:00:00.04 . Memory (MB): peak = 3101.973 ; gain = 0.000 ; free physical = 1502 ; free virtual = 6121
INFO: [Common 17-1381] The checkpoint '/home/lorenzo/PI/red-pitaya-notes/projects/trigger_interrupts/trigger_interrupts.runs/impl_1/system_wrapper_opt.dcp' has been generated.
Command: place_design -directive Explore
Attempting to get a license for feature 'Implementation' and/or device 'xc7z010'
INFO: [Common 17-349] Got license for feature 'Implementation' and/or device 'xc7z010'
INFO: [Common 17-83] Releasing license: Implementation
INFO: [DRC 23-27] Running DRC with 8 threads
INFO: [Vivado_Tcl 4-198] DRC finished with 0 Errors
INFO: [Vivado_Tcl 4-199] Please refer to the DRC report (report_drc) for more information.
INFO: [Vivado_Tcl 4-2302] The placer was invoked with the 'Explore' directive.
Running DRC as a precondition to command place_design
INFO: [DRC 23-27] Running DRC with 8 threads
INFO: [Vivado_Tcl 4-198] DRC finished with 0 Errors
INFO: [Vivado_Tcl 4-199] Please refer to the DRC report (report_drc) for more information.
INFO: [Place 30-611] Multithreading enabled for place_design using a maximum of 8 CPUs

Starting Placer Task

Phase 1 Placer Initialization

Phase 1.1 Placer Initialization Netlist Sorting
Netlist sorting complete. Time (s): cpu = 00:00:00 ; elapsed = 00:00:00 . Memory (MB): peak = 3163.488 ; gain = 0.000 ; free physical = 1503 ; free virtual = 6114
Phase 1.1 Placer Initialization Netlist Sorting | Checksum: 1b3479451

Time (s): cpu = 00:00:00 ; elapsed = 00:00:00.01 . Memory (MB): peak = 3163.488 ; gain = 0.000 ; free physical = 1503 ; free virtual = 6114
Netlist sorting complete. Time (s): cpu = 00:00:00 ; elapsed = 00:00:00 . Memory (MB): peak = 3163.488 ; gain = 0.000 ; free physical = 1503 ; free virtual = 6114

Phase 1.2 IO Placement/ Clock Placement/ Build Placer Device
Phase 1.2 IO Placement/ Clock Placement/ Build Placer Device | Checksum: 1c41cac02

Time (s): cpu = 00:00:00.56 ; elapsed = 00:00:00.29 . Memory (MB): peak = 3163.488 ; gain = 0.000 ; free physical = 1489 ; free virtual = 6105

Phase 1.3 Build Placer Netlist Model
Phase 1.3 Build Placer Netlist Model | Checksum: 25f054f75

Time (s): cpu = 00:00:02 ; elapsed = 00:00:00.64 . Memory (MB): peak = 3170.516 ; gain = 7.027 ; free physical = 1505 ; free virtual = 6110

Phase 1.4 Constrain Clocks/Macros
Phase 1.4 Constrain Clocks/Macros | Checksum: 25f054f75

Time (s): cpu = 00:00:02 ; elapsed = 00:00:00.65 . Memory (MB): peak = 3170.516 ; gain = 7.027 ; free physical = 1505 ; free virtual = 6109
Phase 1 Placer Initialization | Checksum: 25f054f75

Time (s): cpu = 00:00:02 ; elapsed = 00:00:00.66 . Memory (MB): peak = 3170.516 ; gain = 7.027 ; free physical = 1505 ; free virtual = 6109

Phase 2 Global Placement

Phase 2.1 Floorplanning
Phase 2.1 Floorplanning | Checksum: 1dc30b21f

Time (s): cpu = 00:00:02 ; elapsed = 00:00:00.76 . Memory (MB): peak = 3170.516 ; gain = 7.027 ; free physical = 1478 ; free virtual = 6083

Phase 2.2 Update Timing before SLR Path Opt
Phase 2.2 Update Timing before SLR Path Opt | Checksum: 26342bf2d

Time (s): cpu = 00:00:02 ; elapsed = 00:00:00.83 . Memory (MB): peak = 3170.516 ; gain = 7.027 ; free physical = 1491 ; free virtual = 6097

Phase 2.3 Post-Processing in Floorplanning
Phase 2.3 Post-Processing in Floorplanning | Checksum: 26342bf2d

Time (s): cpu = 00:00:03 ; elapsed = 00:00:00.83 . Memory (MB): peak = 3170.516 ; gain = 7.027 ; free physical = 1491 ; free virtual = 6097

Phase 2.4 Global Placement Core

Phase 2.4.1 UpdateTiming Before Physical Synthesis
Phase 2.4.1 UpdateTiming Before Physical Synthesis | Checksum: 253eaa4a9

Time (s): cpu = 00:00:07 ; elapsed = 00:00:02 . Memory (MB): peak = 3170.516 ; gain = 7.027 ; free physical = 1488 ; free virtual = 6095

Phase 2.4.2 Physical Synthesis In Placer
INFO: [Physopt 32-1035] Found 0 LUTNM shape to break, 192 LUT instances to create LUTNM shape
INFO: [Physopt 32-1044] Break lutnm for timing: one critical 0, two critical 0, total 0, new lutff created 0
INFO: [Physopt 32-1138] End 1 Pass. Optimized 88 nets or LUTs. Breaked 0 LUT, combined 88 existing LUTs and moved 0 existing LUT
INFO: [Physopt 32-65] No nets found for high-fanout optimization.
INFO: [Physopt 32-232] Optimized 0 net. Created 0 new instance.
INFO: [Physopt 32-775] End 1 Pass. Optimized 0 net or cell. Created 0 new cell, deleted 0 existing cell and moved 0 existing cell
INFO: [Physopt 32-670] No setup violation found.  DSP Register Optimization was not performed.
INFO: [Physopt 32-670] No setup violation found.  Shift Register to Pipeline Optimization was not performed.
INFO: [Physopt 32-670] No setup violation found.  Shift Register Optimization was not performed.
INFO: [Physopt 32-670] No setup violation found.  BRAM Register Optimization was not performed.
INFO: [Physopt 32-670] No setup violation found.  URAM Register Optimization was not performed.
INFO: [Physopt 32-949] No candidate nets found for dynamic/static region interface net replication
INFO: [Physopt 32-775] End 1 Pass. Optimized 0 net or cell. Created 0 new cell, deleted 0 existing cell and moved 0 existing cell
Netlist sorting complete. Time (s): cpu = 00:00:00 ; elapsed = 00:00:00 . Memory (MB): peak = 3170.516 ; gain = 0.000 ; free physical = 1476 ; free virtual = 6085

Summary of Physical Synthesis Optimizations
============================================


-----------------------------------------------------------------------------------------------------------------------------------------------------------
|  Optimization                                     |  Added Cells  |  Removed Cells  |  Optimized Cells/Nets  |  Dont Touch  |  Iterations  |  Elapsed   |
-----------------------------------------------------------------------------------------------------------------------------------------------------------
|  LUT Combining                                    |            0  |             88  |                    88  |           0  |           1  |  00:00:00  |
|  Retime                                           |            0  |              0  |                     0  |           0  |           1  |  00:00:00  |
|  Very High Fanout                                 |            0  |              0  |                     0  |           0  |           1  |  00:00:00  |
|  DSP Register                                     |            0  |              0  |                     0  |           0  |           0  |  00:00:00  |
|  Shift Register to Pipeline                       |            0  |              0  |                     0  |           0  |           0  |  00:00:00  |
|  Shift Register                                   |            0  |              0  |                     0  |           0  |           0  |  00:00:00  |
|  BRAM Register                                    |            0  |              0  |                     0  |           0  |           0  |  00:00:00  |
|  URAM Register                                    |            0  |              0  |                     0  |           0  |           0  |  00:00:00  |
|  Dynamic/Static Region Interface Net Replication  |            0  |              0  |                     0  |           0  |           1  |  00:00:00  |
|  Total                                            |            0  |             88  |                    88  |           0  |           4  |  00:00:00  |
-----------------------------------------------------------------------------------------------------------------------------------------------------------


Phase 2.4.2 Physical Synthesis In Placer | Checksum: 214f4559e

Time (s): cpu = 00:00:08 ; elapsed = 00:00:02 . Memory (MB): peak = 3170.516 ; gain = 7.027 ; free physical = 1497 ; free virtual = 6105
Phase 2.4 Global Placement Core | Checksum: 2bb7d415d

Time (s): cpu = 00:00:08 ; elapsed = 00:00:02 . Memory (MB): peak = 3170.516 ; gain = 7.027 ; free physical = 1499 ; free virtual = 6108
Phase 2 Global Placement | Checksum: 2bb7d415d

Time (s): cpu = 00:00:08 ; elapsed = 00:00:02 . Memory (MB): peak = 3170.516 ; gain = 7.027 ; free physical = 1499 ; free virtual = 6108

Phase 3 Detail Placement

Phase 3.1 Commit Multi Column Macros
Phase 3.1 Commit Multi Column Macros | Checksum: 2dd4278c5

Time (s): cpu = 00:00:08 ; elapsed = 00:00:02 . Memory (MB): peak = 3170.516 ; gain = 7.027 ; free physical = 1488 ; free virtual = 6097

Phase 3.2 Commit Most Macros & LUTRAMs
Phase 3.2 Commit Most Macros & LUTRAMs | Checksum: 2bb4c3ba5

Time (s): cpu = 00:00:09 ; elapsed = 00:00:03 . Memory (MB): peak = 3170.516 ; gain = 7.027 ; free physical = 1487 ; free virtual = 6097

Phase 3.3 Area Swap Optimization
Phase 3.3 Area Swap Optimization | Checksum: 27d69b3cf

Time (s): cpu = 00:00:09 ; elapsed = 00:00:03 . Memory (MB): peak = 3170.516 ; gain = 7.027 ; free physical = 1486 ; free virtual = 6095

Phase 3.4 Pipeline Register Optimization
Phase 3.4 Pipeline Register Optimization | Checksum: 22efb8eeb

Time (s): cpu = 00:00:09 ; elapsed = 00:00:03 . Memory (MB): peak = 3170.516 ; gain = 7.027 ; free physical = 1477 ; free virtual = 6086

Phase 3.5 Small Shape Detail Placement
Phase 3.5 Small Shape Detail Placement | Checksum: 21ab5c8ea

Time (s): cpu = 00:00:10 ; elapsed = 00:00:03 . Memory (MB): peak = 3170.516 ; gain = 7.027 ; free physical = 1499 ; free virtual = 6109

Phase 3.6 Re-assign LUT pins
Phase 3.6 Re-assign LUT pins | Checksum: 22562274b

Time (s): cpu = 00:00:10 ; elapsed = 00:00:03 . Memory (MB): peak = 3170.516 ; gain = 7.027 ; free physical = 1499 ; free virtual = 6109

Phase 3.7 Pipeline Register Optimization
Phase 3.7 Pipeline Register Optimization | Checksum: 1d2aa2b46

Time (s): cpu = 00:00:10 ; elapsed = 00:00:03 . Memory (MB): peak = 3170.516 ; gain = 7.027 ; free physical = 1499 ; free virtual = 6109
Phase 3 Detail Placement | Checksum: 1d2aa2b46

Time (s): cpu = 00:00:10 ; elapsed = 00:00:03 . Memory (MB): peak = 3170.516 ; gain = 7.027 ; free physical = 1498 ; free virtual = 6109

Phase 4 Post Placement Optimization and Clean-Up

Phase 4.1 Post Commit Optimization
INFO: [Timing 38-35] Done setting XDC timing constraints.

Phase 4.1.1 Post Placement Optimization
Post Placement Optimization Initialization | Checksum: 22135214d

Phase 4.1.1.1 BUFG Insertion

Starting Physical Synthesis Task

Phase 1 Physical Synthesis Initialization
INFO: [Physopt 32-721] Multithreading enabled for phys_opt_design using a maximum of 8 CPUs
INFO: [Physopt 32-619] Estimated Timing Summary | WNS=1.916 | TNS=0.000 |
Phase 1 Physical Synthesis Initialization | Checksum: 1cfc7c415

Time (s): cpu = 00:00:00.29 ; elapsed = 00:00:00.08 . Memory (MB): peak = 3170.516 ; gain = 0.000 ; free physical = 1478 ; free virtual = 6088
INFO: [Place 46-56] BUFG insertion identified 0 candidate nets. Inserted BUFG: 0, Replicated BUFG Driver: 0, Skipped due to Placement/Routing Conflicts: 0, Skipped due to Timing Degradation: 0, Skipped due to netlist editing failed: 0.
Ending Physical Synthesis Task | Checksum: 28cc4da27

Time (s): cpu = 00:00:00.3 ; elapsed = 00:00:00.1 . Memory (MB): peak = 3170.516 ; gain = 0.000 ; free physical = 1478 ; free virtual = 6088
Phase 4.1.1.1 BUFG Insertion | Checksum: 22135214d

Time (s): cpu = 00:00:11 ; elapsed = 00:00:04 . Memory (MB): peak = 3170.516 ; gain = 7.027 ; free physical = 1478 ; free virtual = 6088

Phase 4.1.1.2 Post Placement Timing Optimization
INFO: [Place 30-746] Post Placement Timing Summary WNS=1.916. For the most accurate timing information please run report_timing.
Phase 4.1.1.2 Post Placement Timing Optimization | Checksum: 1d0d8d002

Time (s): cpu = 00:00:11 ; elapsed = 00:00:04 . Memory (MB): peak = 3170.516 ; gain = 7.027 ; free physical = 1477 ; free virtual = 6087

Time (s): cpu = 00:00:11 ; elapsed = 00:00:04 . Memory (MB): peak = 3170.516 ; gain = 7.027 ; free physical = 1477 ; free virtual = 6087
Phase 4.1 Post Commit Optimization | Checksum: 1d0d8d002

Time (s): cpu = 00:00:11 ; elapsed = 00:00:04 . Memory (MB): peak = 3170.516 ; gain = 7.027 ; free physical = 1474 ; free virtual = 6085

Phase 4.2 Post Placement Cleanup
Phase 4.2 Post Placement Cleanup | Checksum: 1d0d8d002

Time (s): cpu = 00:00:12 ; elapsed = 00:00:04 . Memory (MB): peak = 3170.516 ; gain = 7.027 ; free physical = 1493 ; free virtual = 6103

Phase 4.3 Placer Reporting

Phase 4.3.1 Print Estimated Congestion
INFO: [Place 30-612] Post-Placement Estimated Congestion 
 ____________________________________________________
|           | Global Congestion | Short Congestion  |
| Direction | Region Size       | Region Size       |
|___________|___________________|___________________|
|      North|                1x1|                1x1|
|___________|___________________|___________________|
|      South|                1x1|                1x1|
|___________|___________________|___________________|
|       East|                1x1|                1x1|
|___________|___________________|___________________|
|       West|                1x1|                1x1|
|___________|___________________|___________________|

Phase 4.3.1 Print Estimated Congestion | Checksum: 1d0d8d002

Time (s): cpu = 00:00:12 ; elapsed = 00:00:04 . Memory (MB): peak = 3170.516 ; gain = 7.027 ; free physical = 1493 ; free virtual = 6103
Phase 4.3 Placer Reporting | Checksum: 1d0d8d002

Time (s): cpu = 00:00:12 ; elapsed = 00:00:04 . Memory (MB): peak = 3170.516 ; gain = 7.027 ; free physical = 1493 ; free virtual = 6103

Phase 4.4 Final Placement Cleanup
Netlist sorting complete. Time (s): cpu = 00:00:00 ; elapsed = 00:00:00 . Memory (MB): peak = 3170.516 ; gain = 0.000 ; free physical = 1492 ; free virtual = 6102

Time (s): cpu = 00:00:12 ; elapsed = 00:00:04 . Memory (MB): peak = 3170.516 ; gain = 7.027 ; free physical = 1492 ; free virtual = 6102
Phase 4 Post Placement Optimization and Clean-Up | Checksum: 1db4f368f

Time (s): cpu = 00:00:12 ; elapsed = 00:00:04 . Memory (MB): peak = 3170.516 ; gain = 7.027 ; free physical = 1492 ; free virtual = 6102
Ending Placer Task | Checksum: 1c21ed14b

Time (s): cpu = 00:00:12 ; elapsed = 00:00:04 . Memory (MB): peak = 3170.516 ; gain = 7.027 ; free physical = 1492 ; free virtual = 6102
71 Infos, 33 Warnings, 32 Critical Warnings and 0 Errors encountered.
place_design completed successfully
INFO: [Vivado 12-24838] Running report commands "report_control_sets, report_io, report_utilization" in parallel.
Running report generation with 3 threads.
INFO: [Vivado 12-24828] Executing command : report_control_sets -verbose -file system_wrapper_control_sets_placed.rpt
report_control_sets: Time (s): cpu = 00:00:00.07 ; elapsed = 00:00:00.03 . Memory (MB): peak = 3170.516 ; gain = 0.000 ; free physical = 1496 ; free virtual = 6106
INFO: [Vivado 12-24828] Executing command : report_utilization -file system_wrapper_utilization_placed.rpt -pb system_wrapper_utilization_placed.pb
INFO: [Vivado 12-24828] Executing command : report_io -file system_wrapper_io_placed.rpt
report_io: Time (s): cpu = 00:00:00.14 ; elapsed = 00:00:00.12 . Memory (MB): peak = 3170.516 ; gain = 0.000 ; free physical = 1482 ; free virtual = 6092
INFO: [Timing 38-480] Writing timing data to binary archive.
Write ShapeDB Complete: Time (s): cpu = 00:00:00.06 ; elapsed = 00:00:00.01 . Memory (MB): peak = 3170.516 ; gain = 0.000 ; free physical = 1465 ; free virtual = 6077
Wrote PlaceDB: Time (s): cpu = 00:00:00.55 ; elapsed = 00:00:00.16 . Memory (MB): peak = 3170.516 ; gain = 0.000 ; free physical = 1404 ; free virtual = 6050
Wrote PulsedLatchDB: Time (s): cpu = 00:00:00 ; elapsed = 00:00:00 . Memory (MB): peak = 3170.516 ; gain = 0.000 ; free physical = 1403 ; free virtual = 6050
Writing XDEF routing.
Writing XDEF routing logical nets.
Writing XDEF routing special nets.
Wrote RouteStorage: Time (s): cpu = 00:00:00.04 ; elapsed = 00:00:00.03 . Memory (MB): peak = 3170.516 ; gain = 0.000 ; free physical = 1403 ; free virtual = 6049
Wrote Netlist Cache: Time (s): cpu = 00:00:00.01 ; elapsed = 00:00:00 . Memory (MB): peak = 3170.516 ; gain = 0.000 ; free physical = 1402 ; free virtual = 6049
Wrote Device Cache: Time (s): cpu = 00:00:00.01 ; elapsed = 00:00:00 . Memory (MB): peak = 3170.516 ; gain = 0.000 ; free physical = 1401 ; free virtual = 6049
Write Physdb Complete: Time (s): cpu = 00:00:00.61 ; elapsed = 00:00:00.2 . Memory (MB): peak = 3170.516 ; gain = 0.000 ; free physical = 1401 ; free virtual = 6049
INFO: [Common 17-1381] The checkpoint '/home/lorenzo/PI/red-pitaya-notes/projects/trigger_interrupts/trigger_interrupts.runs/impl_1/system_wrapper_placed.dcp' has been generated.
Command: phys_opt_design -directive Explore
Attempting to get a license for feature 'Implementation' and/or device 'xc7z010'
INFO: [Common 17-349] Got license for feature 'Implementation' and/or device 'xc7z010'
INFO: [Vivado_Tcl 4-137] Directive used for phys_opt_design is: Explore

Starting Initial Update Timing Task

Time (s): cpu = 00:00:00.89 ; elapsed = 00:00:00.24 . Memory (MB): peak = 3172.465 ; gain = 0.000 ; free physical = 1417 ; free virtual = 6061
INFO: [Vivado_Tcl 4-2279] Estimated Timing Summary | WNS= 1.916 | TNS= 0.000 | 
INFO: [Vivado_Tcl 4-383] Design worst setup slack (WNS) is greater than or equal to 0.000 ns. All physical synthesis setup optimizations will be skipped.
INFO: [Vivado_Tcl 4-232] No setup violation found. The netlist was not modified.
INFO: [Common 17-83] Releasing license: Implementation
83 Infos, 33 Warnings, 32 Critical Warnings and 0 Errors encountered.
phys_opt_design completed successfully
INFO: [Timing 38-480] Writing timing data to binary archive.
Write ShapeDB Complete: Time (s): cpu = 00:00:00.05 ; elapsed = 00:00:00.01 . Memory (MB): peak = 3179.188 ; gain = 6.723 ; free physical = 1378 ; free virtual = 6023
Wrote PlaceDB: Time (s): cpu = 00:00:00.41 ; elapsed = 00:00:00.12 . Memory (MB): peak = 3179.188 ; gain = 6.723 ; free physical = 1373 ; free virtual = 6023
Wrote PulsedLatchDB: Time (s): cpu = 00:00:00 ; elapsed = 00:00:00 . Memory (MB): peak = 3179.188 ; gain = 0.000 ; free physical = 1373 ; free virtual = 6023
Writing XDEF routing.
Writing XDEF routing logical nets.
Writing XDEF routing special nets.
Wrote RouteStorage: Time (s): cpu = 00:00:00.03 ; elapsed = 00:00:00.01 . Memory (MB): peak = 3179.188 ; gain = 0.000 ; free physical = 1373 ; free virtual = 6023
Wrote Netlist Cache: Time (s): cpu = 00:00:00 ; elapsed = 00:00:00.01 . Memory (MB): peak = 3179.188 ; gain = 0.000 ; free physical = 1372 ; free virtual = 6023
Wrote Device Cache: Time (s): cpu = 00:00:00.01 ; elapsed = 00:00:00 . Memory (MB): peak = 3179.188 ; gain = 0.000 ; free physical = 1371 ; free virtual = 6023
Write Physdb Complete: Time (s): cpu = 00:00:00.45 ; elapsed = 00:00:00.14 . Memory (MB): peak = 3179.188 ; gain = 6.723 ; free physical = 1371 ; free virtual = 6023
INFO: [Common 17-1381] The checkpoint '/home/lorenzo/PI/red-pitaya-notes/projects/trigger_interrupts/trigger_interrupts.runs/impl_1/system_wrapper_physopt.dcp' has been generated.
Command: route_design -directive NoTimingRelaxation -tns_cleanup
Attempting to get a license for feature 'Implementation' and/or device 'xc7z010'
INFO: [Common 17-349] Got license for feature 'Implementation' and/or device 'xc7z010'
Running DRC as a precondition to command route_design
INFO: [DRC 23-27] Running DRC with 8 threads
INFO: [Vivado_Tcl 4-198] DRC finished with 0 Errors
INFO: [Vivado_Tcl 4-199] Please refer to the DRC report (report_drc) for more information.


Starting Routing Task
INFO: [Route 35-270] Using Router directive 'NoTimingRelaxation'.
INFO: [Route 35-254] Multithreading enabled for route_design using a maximum of 8 CPUs

Phase 1 Build RT Design
Checksum: PlaceDB: bcf17576 ConstDB: 0 ShapeSum: 9b9504aa RouteDB: 6998572b
Post Restoration Checksum: NetGraph: 6a76159d | NumContArr: 9fce79c6 | Constraints: c2a8fa9d | Timing: c2a8fa9d
Phase 1 Build RT Design | Checksum: 28f96849d

Time (s): cpu = 00:00:06 ; elapsed = 00:00:04 . Memory (MB): peak = 3250.875 ; gain = 0.984 ; free physical = 1303 ; free virtual = 5927

Phase 2 Router Initialization

Phase 2.1 Fix Topology Constraints
Phase 2.1 Fix Topology Constraints | Checksum: 28f96849d

Time (s): cpu = 00:00:06 ; elapsed = 00:00:04 . Memory (MB): peak = 3250.875 ; gain = 0.984 ; free physical = 1303 ; free virtual = 5927

Phase 2.2 Pre Route Cleanup
Phase 2.2 Pre Route Cleanup | Checksum: 28f96849d

Time (s): cpu = 00:00:06 ; elapsed = 00:00:04 . Memory (MB): peak = 3250.875 ; gain = 0.984 ; free physical = 1303 ; free virtual = 5927
 Number of Nodes with overlaps = 0

Phase 2.3 Update Timing
Phase 2.3 Update Timing | Checksum: 29bd2395e

Time (s): cpu = 00:00:07 ; elapsed = 00:00:05 . Memory (MB): peak = 3277.938 ; gain = 28.047 ; free physical = 1272 ; free virtual = 5898
INFO: [Route 35-416] Intermediate Timing Summary | WNS=1.962  | TNS=0.000  | WHS=-0.192 | THS=-46.191|


Router Utilization Summary
  Global Vertical Routing Utilization    = 0 %
  Global Horizontal Routing Utilization  = 0 %
  Routable Net Status*
  *Does not include unroutable nets such as driverless and loadless.
  Run report_route_status for detailed report.
  Number of Failed Nets               = 4008
    (Failed Nets is the sum of unrouted and partially routed nets)
  Number of Unrouted Nets             = 4008
  Number of Partially Routed Nets     = 0
  Number of Node Overlaps             = 0

Phase 2 Router Initialization | Checksum: 2c7f3b2b3

Time (s): cpu = 00:00:08 ; elapsed = 00:00:05 . Memory (MB): peak = 3277.938 ; gain = 28.047 ; free physical = 1262 ; free virtual = 5888

Phase 3 Global Routing
Phase 3 Global Routing | Checksum: 2c7f3b2b3

Time (s): cpu = 00:00:08 ; elapsed = 00:00:05 . Memory (MB): peak = 3277.938 ; gain = 28.047 ; free physical = 1262 ; free virtual = 5888

Phase 4 Initial Routing

Phase 4.1 Initial Net Routing Pass
Phase 4.1 Initial Net Routing Pass | Checksum: 227ae2199

Time (s): cpu = 00:00:09 ; elapsed = 00:00:05 . Memory (MB): peak = 3277.938 ; gain = 28.047 ; free physical = 1289 ; free virtual = 5916
Phase 4 Initial Routing | Checksum: 227ae2199

Time (s): cpu = 00:00:09 ; elapsed = 00:00:05 . Memory (MB): peak = 3277.938 ; gain = 28.047 ; free physical = 1289 ; free virtual = 5916

Phase 5 Rip-up And Reroute

Phase 5.1 Global Iteration 0
 Number of Nodes with overlaps = 303
 Number of Nodes with overlaps = 45
 Number of Nodes with overlaps = 13
 Number of Nodes with overlaps = 4
 Number of Nodes with overlaps = 2
 Number of Nodes with overlaps = 0
INFO: [Route 35-416] Intermediate Timing Summary | WNS=0.386  | TNS=0.000  | WHS=N/A    | THS=N/A    |

Phase 5.1 Global Iteration 0 | Checksum: 267f92605

Time (s): cpu = 00:00:10 ; elapsed = 00:00:06 . Memory (MB): peak = 3277.938 ; gain = 28.047 ; free physical = 1289 ; free virtual = 5916
Phase 5 Rip-up And Reroute | Checksum: 267f92605

Time (s): cpu = 00:00:10 ; elapsed = 00:00:06 . Memory (MB): peak = 3277.938 ; gain = 28.047 ; free physical = 1289 ; free virtual = 5916

Phase 6 Delay and Skew Optimization

Phase 6.1 TNS Cleanup

Phase 6.1.1 Delay CleanUp

Phase 6.1.1.1 Update Timing
Phase 6.1.1.1 Update Timing | Checksum: 1d963d996

Time (s): cpu = 00:00:11 ; elapsed = 00:00:06 . Memory (MB): peak = 3277.938 ; gain = 28.047 ; free physical = 1289 ; free virtual = 5915
INFO: [Route 35-416] Intermediate Timing Summary | WNS=0.535  | TNS=0.000  | WHS=N/A    | THS=N/A    |

Phase 6.1.1 Delay CleanUp | Checksum: 1d963d996

Time (s): cpu = 00:00:11 ; elapsed = 00:00:06 . Memory (MB): peak = 3277.938 ; gain = 28.047 ; free physical = 1289 ; free virtual = 5915
Phase 6.1 TNS Cleanup | Checksum: 1d963d996

Time (s): cpu = 00:00:11 ; elapsed = 00:00:06 . Memory (MB): peak = 3277.938 ; gain = 28.047 ; free physical = 1289 ; free virtual = 5915

Phase 6.2 Clock Skew Optimization
Phase 6.2 Clock Skew Optimization | Checksum: 1d963d996

Time (s): cpu = 00:00:11 ; elapsed = 00:00:06 . Memory (MB): peak = 3277.938 ; gain = 28.047 ; free physical = 1289 ; free virtual = 5915
Phase 6 Delay and Skew Optimization | Checksum: 1d963d996

Time (s): cpu = 00:00:11 ; elapsed = 00:00:06 . Memory (MB): peak = 3277.938 ; gain = 28.047 ; free physical = 1289 ; free virtual = 5915

Phase 7 Post Hold Fix

Phase 7.1 Hold Fix Iter
INFO: [Route 35-416] Intermediate Timing Summary | WNS=0.535  | TNS=0.000  | WHS=0.028  | THS=0.000  |

Phase 7.1 Hold Fix Iter | Checksum: 19e01cc11

Time (s): cpu = 00:00:11 ; elapsed = 00:00:06 . Memory (MB): peak = 3277.938 ; gain = 28.047 ; free physical = 1278 ; free virtual = 5905
Phase 7 Post Hold Fix | Checksum: 19e01cc11

Time (s): cpu = 00:00:11 ; elapsed = 00:00:06 . Memory (MB): peak = 3277.938 ; gain = 28.047 ; free physical = 1278 ; free virtual = 5905

Phase 8 Route finalize

Router Utilization Summary
  Global Vertical Routing Utilization    = 1.0739 %
  Global Horizontal Routing Utilization  = 1.67188 %
  Routable Net Status*
  *Does not include unroutable nets such as driverless and loadless.
  Run report_route_status for detailed report.
  Number of Failed Nets               = 0
    (Failed Nets is the sum of unrouted and partially routed nets)
  Number of Unrouted Nets             = 0
  Number of Partially Routed Nets     = 0
  Number of Node Overlaps             = 0

Phase 8 Route finalize | Checksum: 19e01cc11

Time (s): cpu = 00:00:11 ; elapsed = 00:00:06 . Memory (MB): peak = 3277.938 ; gain = 28.047 ; free physical = 1278 ; free virtual = 5905

Phase 9 Verifying routed nets

 Verification completed successfully
Phase 9 Verifying routed nets | Checksum: 19e01cc11

Time (s): cpu = 00:00:11 ; elapsed = 00:00:06 . Memory (MB): peak = 3277.938 ; gain = 28.047 ; free physical = 1279 ; free virtual = 5906

Phase 10 Depositing Routes
Phase 10 Depositing Routes | Checksum: 1aeef8e65

Time (s): cpu = 00:00:11 ; elapsed = 00:00:06 . Memory (MB): peak = 3277.938 ; gain = 28.047 ; free physical = 1283 ; free virtual = 5909

Phase 11 Post Process Routing
Phase 11 Post Process Routing | Checksum: 1aeef8e65

Time (s): cpu = 00:00:11 ; elapsed = 00:00:06 . Memory (MB): peak = 3277.938 ; gain = 28.047 ; free physical = 1283 ; free virtual = 5909

Phase 12 Post Router Timing
INFO: [Route 35-20] Post Routing Timing Summary | WNS=0.538  | TNS=0.000  | WHS=0.029  | THS=0.000  |

Phase 12 Post Router Timing | Checksum: 1cf7867e1

Time (s): cpu = 00:00:13 ; elapsed = 00:00:07 . Memory (MB): peak = 3277.938 ; gain = 28.047 ; free physical = 1272 ; free virtual = 5898
INFO: [Route 35-61] The design met the timing requirement.
Total Elapsed time in route_design: 6.59 secs

Phase 13 Post-Route Event Processing
Phase 13 Post-Route Event Processing | Checksum: 21e82020b

Time (s): cpu = 00:00:13 ; elapsed = 00:00:07 . Memory (MB): peak = 3277.938 ; gain = 28.047 ; free physical = 1287 ; free virtual = 5914
INFO: [Route 35-16] Router Completed Successfully
Ending Routing Task | Checksum: 21e82020b

Time (s): cpu = 00:00:13 ; elapsed = 00:00:07 . Memory (MB): peak = 3277.938 ; gain = 28.047 ; free physical = 1287 ; free virtual = 5914

Routing Is Done.
INFO: [Common 17-83] Releasing license: Implementation
99 Infos, 33 Warnings, 32 Critical Warnings and 0 Errors encountered.
route_design completed successfully
route_design: Time (s): cpu = 00:00:14 ; elapsed = 00:00:07 . Memory (MB): peak = 3277.938 ; gain = 98.750 ; free physical = 1287 ; free virtual = 5914
INFO: [Vivado 12-24828] Executing command : report_drc -file system_wrapper_drc_routed.rpt -pb system_wrapper_drc_routed.pb -rpx system_wrapper_drc_routed.rpx
Command: report_drc -file system_wrapper_drc_routed.rpt -pb system_wrapper_drc_routed.pb -rpx system_wrapper_drc_routed.rpx
INFO: [IP_Flow 19-1839] IP Catalog is up to date.
INFO: [DRC 23-27] Running DRC with 8 threads
INFO: [Vivado_Tcl 2-168] The results of DRC are in file /home/lorenzo/PI/red-pitaya-notes/projects/trigger_interrupts/trigger_interrupts.runs/impl_1/system_wrapper_drc_routed.rpt.
report_drc completed successfully
INFO: [Vivado 12-24828] Executing command : report_methodology -file system_wrapper_methodology_drc_routed.rpt -pb system_wrapper_methodology_drc_routed.pb -rpx system_wrapper_methodology_drc_routed.rpx
Command: report_methodology -file system_wrapper_methodology_drc_routed.rpt -pb system_wrapper_methodology_drc_routed.pb -rpx system_wrapper_methodology_drc_routed.rpx
INFO: [Timing 38-35] Done setting XDC timing constraints.
INFO: [DRC 23-133] Running Methodology with 8 threads
INFO: [Vivado_Tcl 2-1520] The results of Report Methodology are in file /home/lorenzo/PI/red-pitaya-notes/projects/trigger_interrupts/trigger_interrupts.runs/impl_1/system_wrapper_methodology_drc_routed.rpt.
report_methodology completed successfully
INFO: [Vivado 12-24828] Executing command : report_timing_summary -max_paths 10 -report_unconstrained -file system_wrapper_timing_summary_routed.rpt -pb system_wrapper_timing_summary_routed.pb -rpx system_wrapper_timing_summary_routed.rpx
INFO: [Timing 38-35] Done setting XDC timing constraints.
INFO: [Timing 38-91] UpdateTimingParams: Speed grade: -1, Delay Type: min_max.
INFO: [Timing 38-191] Multithreading enabled for timing update using a maximum of 8 CPUs
INFO: [Vivado 12-24838] Running report commands "report_bus_skew, report_incremental_reuse, report_route_status" in parallel.
Running report generation with 3 threads.
INFO: [Vivado 12-24828] Executing command : report_incremental_reuse -file system_wrapper_incremental_reuse_routed.rpt
INFO: [Vivado_Tcl 4-1062] Incremental flow is disabled. No incremental reuse Info to report.
INFO: [Vivado 12-24828] Executing command : report_route_status -file system_wrapper_route_status.rpt -pb system_wrapper_route_status.pb
INFO: [Vivado 12-24828] Executing command : report_bus_skew -warn_on_violation -file system_wrapper_bus_skew_routed.rpt -pb system_wrapper_bus_skew_routed.pb -rpx system_wrapper_bus_skew_routed.rpx
INFO: [Timing 38-91] UpdateTimingParams: Speed grade: -1, Delay Type: min_max.
INFO: [Timing 38-191] Multithreading enabled for timing update using a maximum of 8 CPUs
INFO: [Vivado 12-24828] Executing command : report_power -file system_wrapper_power_routed.rpt -pb system_wrapper_power_summary_routed.pb -rpx system_wrapper_power_routed.rpx
Command: report_power -file system_wrapper_power_routed.rpt -pb system_wrapper_power_summary_routed.pb -rpx system_wrapper_power_routed.rpx
Running Vector-less Activity Propagation...

Finished Running Vector-less Activity Propagation
WARNING: [Power 33-332] Found switching activity that implies high-fanout reset nets being asserted for excessive periods of time which may result in inaccurate power analysis.
Resolution: To review and fix problems, please run Power Constraints Advisor in the GUI from Tools > Power Constraints Advisor or run report_power with the -advisory option to generate a text report.
119 Infos, 34 Warnings, 32 Critical Warnings and 0 Errors encountered.
report_power completed successfully
INFO: [Vivado 12-24828] Executing command : report_clock_utilization -file system_wrapper_clock_utilization_routed.rpt
WARNING: [Device 21-9320] Failed to find the Oracle tile group with name 'HSR_BOUNDARY_TOP'. This is required for Clock regions and Virtual grid.
WARNING: [Device 21-2174] Failed to initialize Virtual grid.
INFO: [Timing 38-480] Writing timing data to binary archive.
Write ShapeDB Complete: Time (s): cpu = 00:00:00.04 ; elapsed = 00:00:00.02 . Memory (MB): peak = 3385.793 ; gain = 0.000 ; free physical = 1189 ; free virtual = 5825
Wrote PlaceDB: Time (s): cpu = 00:00:00.38 ; elapsed = 00:00:00.12 . Memory (MB): peak = 3385.793 ; gain = 0.000 ; free physical = 1172 ; free virtual = 5813
Wrote PulsedLatchDB: Time (s): cpu = 00:00:00 ; elapsed = 00:00:00 . Memory (MB): peak = 3385.793 ; gain = 0.000 ; free physical = 1172 ; free virtual = 5813
Writing XDEF routing.
Writing XDEF routing logical nets.
Writing XDEF routing special nets.
Wrote RouteStorage: Time (s): cpu = 00:00:00.07 ; elapsed = 00:00:00.04 . Memory (MB): peak = 3385.793 ; gain = 0.000 ; free physical = 1171 ; free virtual = 5813
Wrote Netlist Cache: Time (s): cpu = 00:00:00.01 ; elapsed = 00:00:00 . Memory (MB): peak = 3385.793 ; gain = 0.000 ; free physical = 1171 ; free virtual = 5812
Wrote Device Cache: Time (s): cpu = 00:00:00.01 ; elapsed = 00:00:00 . Memory (MB): peak = 3385.793 ; gain = 0.000 ; free physical = 1170 ; free virtual = 5812
Write Physdb Complete: Time (s): cpu = 00:00:00.48 ; elapsed = 00:00:00.16 . Memory (MB): peak = 3385.793 ; gain = 0.000 ; free physical = 1170 ; free virtual = 5812
INFO: [Common 17-1381] The checkpoint '/home/lorenzo/PI/red-pitaya-notes/projects/trigger_interrupts/trigger_interrupts.runs/impl_1/system_wrapper_routed.dcp' has been generated.
Command: phys_opt_design -directive Explore
Attempting to get a license for feature 'Implementation' and/or device 'xc7z010'
INFO: [Common 17-349] Got license for feature 'Implementation' and/or device 'xc7z010'
INFO: [Vivado_Tcl 4-241] Physical synthesis in post route mode 
INFO: [Vivado_Tcl 4-137] Directive used for phys_opt_design is: Explore

Starting Initial Update Timing Task

Time (s): cpu = 00:00:00.86 ; elapsed = 00:00:00.24 . Memory (MB): peak = 3385.793 ; gain = 0.000 ; free physical = 1172 ; free virtual = 5810
INFO: [Vivado_Tcl 4-2279] Estimated Timing Summary | WNS= 0.538 | TNS= 0.000 | 
INFO: [Vivado_Tcl 4-383] Design worst setup slack (WNS) is greater than or equal to 0.000 ns. All physical synthesis setup optimizations will be skipped.
INFO: [Vivado_Tcl 4-232] No setup violation found. The netlist was not modified.
INFO: [Common 17-83] Releasing license: Implementation
129 Infos, 36 Warnings, 32 Critical Warnings and 0 Errors encountered.
phys_opt_design completed successfully
INFO: [Vivado 12-24828] Executing command : report_timing_summary -max_paths 10 -report_unconstrained -warn_on_violation -file system_wrapper_timing_summary_postroute_physopted.rpt -pb system_wrapper_timing_summary_postroute_physopted.pb -rpx system_wrapper_timing_summary_postroute_physopted.rpx
INFO: [Timing 38-91] UpdateTimingParams: Speed grade: -1, Delay Type: min_max.
INFO: [Timing 38-191] Multithreading enabled for timing update using a maximum of 8 CPUs
INFO: [Vivado 12-24828] Executing command : report_bus_skew -warn_on_violation -file system_wrapper_bus_skew_postroute_physopted.rpt -pb system_wrapper_bus_skew_postroute_physopted.pb -rpx system_wrapper_bus_skew_postroute_physopted.rpx
INFO: [Timing 38-91] UpdateTimingParams: Speed grade: -1, Delay Type: min_max.
INFO: [Timing 38-191] Multithreading enabled for timing update using a maximum of 8 CPUs
INFO: [Timing 38-480] Writing timing data to binary archive.
Write ShapeDB Complete: Time (s): cpu = 00:00:00.04 ; elapsed = 00:00:00.01 . Memory (MB): peak = 3385.793 ; gain = 0.000 ; free physical = 1168 ; free virtual = 5808
Wrote PlaceDB: Time (s): cpu = 00:00:00.4 ; elapsed = 00:00:00.12 . Memory (MB): peak = 3385.793 ; gain = 0.000 ; free physical = 1155 ; free virtual = 5800
Wrote PulsedLatchDB: Time (s): cpu = 00:00:00 ; elapsed = 00:00:00 . Memory (MB): peak = 3385.793 ; gain = 0.000 ; free physical = 1155 ; free virtual = 5800
Writing XDEF routing.
Writing XDEF routing logical nets.
Writing XDEF routing special nets.
Wrote RouteStorage: Time (s): cpu = 00:00:00.07 ; elapsed = 00:00:00.03 . Memory (MB): peak = 3385.793 ; gain = 0.000 ; free physical = 1154 ; free virtual = 5799
Wrote Netlist Cache: Time (s): cpu = 00:00:00.01 ; elapsed = 00:00:00.01 . Memory (MB): peak = 3385.793 ; gain = 0.000 ; free physical = 1154 ; free virtual = 5799
Wrote Device Cache: Time (s): cpu = 00:00:00 ; elapsed = 00:00:00 . Memory (MB): peak = 3385.793 ; gain = 0.000 ; free physical = 1153 ; free virtual = 5799
Write Physdb Complete: Time (s): cpu = 00:00:00.48 ; elapsed = 00:00:00.16 . Memory (MB): peak = 3385.793 ; gain = 0.000 ; free physical = 1153 ; free virtual = 5799
INFO: [Common 17-1381] The checkpoint '/home/lorenzo/PI/red-pitaya-notes/projects/trigger_interrupts/trigger_interrupts.runs/impl_1/system_wrapper_postroute_physopt.dcp' has been generated.
Command: write_bitstream -force system_wrapper.bit
Attempting to get a license for feature 'Implementation' and/or device 'xc7z010'
INFO: [Common 17-349] Got license for feature 'Implementation' and/or device 'xc7z010'
Running DRC as a precondition to command write_bitstream
INFO: [IP_Flow 19-1839] IP Catalog is up to date.
INFO: [DRC 23-27] Running DRC with 8 threads
WARNING: [DRC BUFC-1] Input Buffer Connections: Input buffer system_i/gpio_0/inst/GPIO[0].gpio_iobuf/IBUF has no loads. It is recommended to have an input buffer drive an internal load.
WARNING: [DRC BUFC-1] Input Buffer Connections: Input buffer system_i/gpio_0/inst/GPIO[1].gpio_iobuf/IBUF has no loads. It is recommended to have an input buffer drive an internal load.
WARNING: [DRC BUFC-1] Input Buffer Connections: Input buffer system_i/gpio_0/inst/GPIO[2].gpio_iobuf/IBUF has no loads. It is recommended to have an input buffer drive an internal load.
WARNING: [DRC BUFC-1] Input Buffer Connections: Input buffer system_i/gpio_0/inst/GPIO[3].gpio_iobuf/IBUF has no loads. It is recommended to have an input buffer drive an internal load.
WARNING: [DRC BUFC-1] Input Buffer Connections: Input buffer system_i/gpio_0/inst/GPIO[4].gpio_iobuf/IBUF has no loads. It is recommended to have an input buffer drive an internal load.
WARNING: [DRC BUFC-1] Input Buffer Connections: Input buffer system_i/gpio_0/inst/GPIO[5].gpio_iobuf/IBUF has no loads. It is recommended to have an input buffer drive an internal load.
WARNING: [DRC BUFC-1] Input Buffer Connections: Input buffer system_i/gpio_0/inst/GPIO[6].gpio_iobuf/IBUF has no loads. It is recommended to have an input buffer drive an internal load.
WARNING: [DRC BUFC-1] Input Buffer Connections: Input buffer system_i/gpio_0/inst/GPIO[7].gpio_iobuf/IBUF has no loads. It is recommended to have an input buffer drive an internal load.
INFO: [Vivado 12-3199] DRC finished with 0 Errors, 8 Warnings
INFO: [Vivado 12-3200] Please refer to the DRC report (report_drc) for more information.
INFO: [Designutils 20-2272] Running write_bitstream with 8 threads.
Loading data files...
Loading site data...
Loading route data...
Processing options...
Creating bitmap...
Creating bitstream...
Writing bitstream ./system_wrapper.bit...
INFO: [Vivado 12-1842] Bitgen Completed Successfully.
INFO: [Project 1-1876] WebTalk data collection is mandatory when using a ULT device. To see the specific WebTalk data collected for your design, open the usage_statistics_webtalk.html or usage_statistics_webtalk.xml file in the implementation directory.
INFO: [Common 17-83] Releasing license: Implementation
146 Infos, 44 Warnings, 32 Critical Warnings and 0 Errors encountered.
write_bitstream completed successfully
write_bitstream: Time (s): cpu = 00:00:08 ; elapsed = 00:00:14 . Memory (MB): peak = 3553.645 ; gain = 167.852 ; free physical = 902 ; free virtual = 5552
INFO: [Common 17-206] Exiting Vivado at Wed Feb 11 16:11:08 2026...
