Copyright 1986-2022 Xilinx, Inc. All Rights Reserved. Copyright 2022-2024 Advanced Micro Devices, Inc. All Rights Reserved.
---------------------------------------------------------------------------------------------------------------------------------------------
| Tool Version : Vivado v.2024.1 (lin64) Build 5076996 Wed May 22 18:36:09 MDT 2024
| Date         : Wed Feb 11 16:10:41 2026
| Host         : Lolo running 64-bit Debian GNU/Linux 12 (bookworm)
| Command      : report_control_sets -verbose -file system_wrapper_control_sets_placed.rpt
| Design       : system_wrapper
| Device       : xc7z010
---------------------------------------------------------------------------------------------------------------------------------------------

Control Set Information

Table of Contents
-----------------
1. Summary
2. Histogram
3. Flip-Flop Distribution
4. Detailed Control Set Information

1. Summary
----------

+----------------------------------------------------------+-------+
|                          Status                          | Count |
+----------------------------------------------------------+-------+
| Total control sets                                       |    67 |
|    Minimum number of control sets                        |    67 |
|    Addition due to synthesis replication                 |     0 |
|    Addition due to physical synthesis replication        |     0 |
| Unused register locations in slices containing registers |   120 |
+----------------------------------------------------------+-------+
* Control sets can be merged at opt_design using control_set_merge or merge_equivalent_drivers
** Run report_qor_suggestions for automated merging and remapping suggestions


2. Histogram
------------

+--------------------+-------+
|       Fanout       | Count |
+--------------------+-------+
| Total control sets |    67 |
| >= 0 to < 4        |     0 |
| >= 4 to < 6        |     5 |
| >= 6 to < 8        |     1 |
| >= 8 to < 10       |    26 |
| >= 10 to < 12      |     0 |
| >= 12 to < 14      |     5 |
| >= 14 to < 16      |     2 |
| >= 16              |    28 |
+--------------------+-------+
* Control sets can be remapped at either synth_design or opt_design


3. Flip-Flop Distribution
-------------------------

+--------------+-----------------------+------------------------+-----------------+--------------+
| Clock Enable | Synchronous Set/Reset | Asynchronous Set/Reset | Total Registers | Total Slices |
+--------------+-----------------------+------------------------+-----------------+--------------+
| No           | No                    | No                     |             116 |           29 |
| No           | No                    | Yes                    |               0 |            0 |
| No           | Yes                   | No                     |            1993 |          457 |
| Yes          | No                    | No                     |             213 |           59 |
| Yes          | No                    | Yes                    |               0 |            0 |
| Yes          | Yes                   | No                     |             558 |          145 |
+--------------+-----------------------+------------------------+-----------------+--------------+


4. Detailed Control Set Information
-----------------------------------

+-------------------------------+--------------------------------------------------------------------------------------------------------------------------------------------------------------------+--------------------------------------------------------------------------------------------------------------------------+------------------+----------------+--------------+
|          Clock Signal         |                                                                            Enable Signal                                                                           |                                                     Set/Reset Signal                                                     | Slice Load Count | Bel Load Count | Bels / Slice |
+-------------------------------+--------------------------------------------------------------------------------------------------------------------------------------------------------------------+--------------------------------------------------------------------------------------------------------------------------+------------------+----------------+--------------+
|  system_i/pll_0/inst/clk_out1 | system_i/cic_1/U0/i_synth/decimator.decimation_filter/comb/gen_stages[0].gen_folded.gen_clr_counter.sclr_count_0                                                   | system_i/cic_1/U0/i_synth/decimator.decimation_filter/sclr_int                                                           |                1 |              4 |         4.00 |
|  system_i/pll_0/inst/clk_out1 | system_i/cic_0/U0/i_synth/decimator.decimation_filter/comb/gen_stages[0].gen_folded.gen_clr_counter.sclr_count_0                                                   | system_i/cic_0/U0/i_synth/decimator.decimation_filter/sclr_int                                                           |                1 |              4 |         4.00 |
|  system_i/pll_0/inst/clk_out1 |                                                                                                                                                                    | system_i/scope_0/inst/p_0_in                                                                                             |                1 |              4 |         4.00 |
|  system_i/pll_0/inst/clk_out1 | system_i/hub_0/inst/buf_3/buf_1/E[0]                                                                                                                               | system_i/hub_0/inst/buf_3/buf_1/SR[0]                                                                                    |                1 |              4 |         4.00 |
|  system_i/pll_0/inst/clk_out1 |                                                                                                                                                                    | system_i/rst_0/U0/EXT_LPF/lpf_int                                                                                        |                3 |              5 |         1.67 |
|  system_i/pll_0/inst/clk_out1 | system_i/rst_0/U0/SEQ/seq_cnt_en                                                                                                                                   | system_i/rst_0/U0/SEQ/SEQ_COUNTER/q_int[5]_i_1_n_0                                                                       |                2 |              6 |         3.00 |
|  system_i/pll_0/inst/clk_out1 | system_i/hub_0/inst/buf_0/buf_1/CE065_out                                                                                                                          | system_i/hub_0/inst/buf_3/buf_0/ACTIVE_LOW_PR_OUT_DFF[0].FDRE_PER_N                                                      |                2 |              8 |         4.00 |
|  system_i/pll_0/inst/clk_out1 | system_i/hub_0/inst/buf_0/buf_1/CE059_out                                                                                                                          | system_i/hub_0/inst/buf_3/buf_0/ACTIVE_LOW_PR_OUT_DFF[0].FDRE_PER_N                                                      |                1 |              8 |         8.00 |
|  system_i/pll_0/inst/clk_out1 | system_i/hub_0/inst/buf_0/buf_1/CE063_out                                                                                                                          | system_i/hub_0/inst/buf_3/buf_0/ACTIVE_LOW_PR_OUT_DFF[0].FDRE_PER_N                                                      |                2 |              8 |         4.00 |
|  system_i/pll_0/inst/clk_out1 | system_i/hub_0/inst/buf_0/buf_1/CE041_out                                                                                                                          | system_i/hub_0/inst/buf_3/buf_0/ACTIVE_LOW_PR_OUT_DFF[0].FDRE_PER_N                                                      |                2 |              8 |         4.00 |
|  system_i/pll_0/inst/clk_out1 | system_i/hub_0/inst/buf_0/buf_1/CE038_out                                                                                                                          | system_i/hub_0/inst/buf_3/buf_0/ACTIVE_LOW_PR_OUT_DFF[0].FDRE_PER_N                                                      |                2 |              8 |         4.00 |
|  system_i/pll_0/inst/clk_out1 | system_i/hub_0/inst/buf_0/buf_1/CE061_out                                                                                                                          | system_i/hub_0/inst/buf_3/buf_0/ACTIVE_LOW_PR_OUT_DFF[0].FDRE_PER_N                                                      |                3 |              8 |         2.67 |
|  system_i/pll_0/inst/clk_out1 | system_i/hub_0/inst/buf_0/buf_1/CE036_out                                                                                                                          | system_i/hub_0/inst/buf_3/buf_0/ACTIVE_LOW_PR_OUT_DFF[0].FDRE_PER_N                                                      |                2 |              8 |         4.00 |
|  system_i/pll_0/inst/clk_out1 | system_i/hub_0/inst/buf_0/buf_1/CE0                                                                                                                                | system_i/hub_0/inst/buf_3/buf_0/ACTIVE_LOW_PR_OUT_DFF[0].FDRE_PER_N                                                      |                1 |              8 |         8.00 |
|  system_i/pll_0/inst/clk_out1 | system_i/hub_0/inst/buf_0/buf_1/CE016_out                                                                                                                          | system_i/hub_0/inst/buf_3/buf_0/ACTIVE_LOW_PR_OUT_DFF[0].FDRE_PER_N                                                      |                3 |              8 |         2.67 |
|  system_i/pll_0/inst/clk_out1 | system_i/hub_0/inst/buf_0/buf_1/CE019_out                                                                                                                          | system_i/hub_0/inst/buf_3/buf_0/ACTIVE_LOW_PR_OUT_DFF[0].FDRE_PER_N                                                      |                2 |              8 |         4.00 |
|  system_i/pll_0/inst/clk_out1 | system_i/hub_0/inst/buf_0/buf_1/CE023_out                                                                                                                          | system_i/hub_0/inst/buf_3/buf_0/ACTIVE_LOW_PR_OUT_DFF[0].FDRE_PER_N                                                      |                2 |              8 |         4.00 |
|  system_i/pll_0/inst/clk_out1 | system_i/hub_0/inst/buf_0/buf_1/CE025_out                                                                                                                          | system_i/hub_0/inst/buf_3/buf_0/ACTIVE_LOW_PR_OUT_DFF[0].FDRE_PER_N                                                      |                1 |              8 |         8.00 |
|  system_i/pll_0/inst/clk_out1 | system_i/hub_0/inst/buf_0/buf_1/CE032_out                                                                                                                          | system_i/hub_0/inst/buf_3/buf_0/ACTIVE_LOW_PR_OUT_DFF[0].FDRE_PER_N                                                      |                2 |              8 |         4.00 |
|  system_i/pll_0/inst/clk_out1 | system_i/hub_0/inst/buf_0/buf_1/CE027_out                                                                                                                          | system_i/hub_0/inst/buf_3/buf_0/ACTIVE_LOW_PR_OUT_DFF[0].FDRE_PER_N                                                      |                1 |              8 |         8.00 |
|  system_i/pll_0/inst/clk_out1 | system_i/hub_0/inst/buf_0/buf_1/CE029_out                                                                                                                          | system_i/hub_0/inst/buf_3/buf_0/ACTIVE_LOW_PR_OUT_DFF[0].FDRE_PER_N                                                      |                2 |              8 |         4.00 |
|  system_i/pll_0/inst/clk_out1 | system_i/hub_0/inst/buf_0/buf_1/CE034_out                                                                                                                          | system_i/hub_0/inst/buf_3/buf_0/ACTIVE_LOW_PR_OUT_DFF[0].FDRE_PER_N                                                      |                2 |              8 |         4.00 |
|  system_i/pll_0/inst/clk_out1 | system_i/hub_0/inst/buf_0/buf_1/int_data_reg_reg[33]_0                                                                                                             | system_i/hub_0/inst/buf_3/buf_0/ACTIVE_LOW_PR_OUT_DFF[0].FDRE_PER_N                                                      |                2 |              8 |         4.00 |
|  system_i/pll_0/inst/clk_out1 | system_i/hub_0/inst/buf_0/buf_1/CE043_out                                                                                                                          | system_i/hub_0/inst/buf_3/buf_0/ACTIVE_LOW_PR_OUT_DFF[0].FDRE_PER_N                                                      |                3 |              8 |         2.67 |
|  system_i/pll_0/inst/clk_out1 | system_i/hub_0/inst/buf_4/int_rready_wire                                                                                                                          | system_i/hub_0/inst/buf_3/buf_1/int_data_reg_reg[25]_0                                                                   |                2 |              8 |         4.00 |
|  system_i/pll_0/inst/clk_out1 | system_i/hub_0/inst/buf_0/buf_1/CE045_out                                                                                                                          | system_i/hub_0/inst/buf_3/buf_0/ACTIVE_LOW_PR_OUT_DFF[0].FDRE_PER_N                                                      |                2 |              8 |         4.00 |
|  system_i/pll_0/inst/clk_out1 |                                                                                                                                                                    | system_i/hub_0/inst/buf_3/buf_0/ACTIVE_LOW_PR_OUT_DFF[0].FDRE_PER_N                                                      |                3 |              8 |         2.67 |
|  system_i/pll_0/inst/clk_out1 | system_i/hub_0/inst/buf_0/buf_1/CE056_out                                                                                                                          | system_i/hub_0/inst/buf_3/buf_0/ACTIVE_LOW_PR_OUT_DFF[0].FDRE_PER_N                                                      |                2 |              8 |         4.00 |
|  system_i/pll_0/inst/clk_out1 | system_i/hub_0/inst/buf_0/buf_1/CE047_out                                                                                                                          | system_i/hub_0/inst/buf_3/buf_0/ACTIVE_LOW_PR_OUT_DFF[0].FDRE_PER_N                                                      |                1 |              8 |         8.00 |
|  system_i/pll_0/inst/clk_out1 | system_i/hub_0/inst/buf_0/buf_1/CE050_out                                                                                                                          | system_i/hub_0/inst/buf_3/buf_0/ACTIVE_LOW_PR_OUT_DFF[0].FDRE_PER_N                                                      |                2 |              8 |         4.00 |
|  system_i/pll_0/inst/clk_out1 | system_i/hub_0/inst/buf_0/buf_1/CE054_out                                                                                                                          | system_i/hub_0/inst/buf_3/buf_0/ACTIVE_LOW_PR_OUT_DFF[0].FDRE_PER_N                                                      |                2 |              8 |         4.00 |
|  system_i/pll_0/inst/clk_out1 | system_i/hub_0/inst/buf_0/buf_1/CE052_out                                                                                                                          | system_i/hub_0/inst/buf_3/buf_0/ACTIVE_LOW_PR_OUT_DFF[0].FDRE_PER_N                                                      |                2 |              8 |         4.00 |
|  system_i/pll_0/inst/clk_out1 | system_i/hub_0/inst/buf_2/int_bready_wire                                                                                                                          |                                                                                                                          |                4 |             12 |         3.00 |
|  system_i/pll_0/inst/clk_out1 | system_i/cic_1/U0/i_synth/decimator.decimation_filter/int/gen_stages[5].gen_unfolded.int_comb_stage/gen_nd_out_dly/gen_rtl.gen_dly.gen_regs.delay_bus_reg[1]_0     | system_i/cic_1/U0/i_synth/decimator.decimation_filter/int/gen_stages[5].gen_unfolded.int_comb_stage/gen_nd_out_dly/SR[0] |                4 |             13 |         3.25 |
|  system_i/pll_0/inst/clk_out1 | system_i/cic_0/U0/i_synth/decimator.decimation_filter/int/gen_stages[5].gen_unfolded.int_comb_stage/gen_nd_out_dly/gen_rtl.gen_dly.gen_regs.delay_bus_reg[1]_0     | system_i/cic_0/U0/i_synth/decimator.decimation_filter/int/gen_stages[5].gen_unfolded.int_comb_stage/gen_nd_out_dly/SR[0] |                4 |             13 |         3.25 |
|  system_i/pll_0/inst/clk_out1 | system_i/cic_1/U0/i_synth/decimator.decimation_filter/rate_we_i                                                                                                    | system_i/cic_1/U0/i_synth/reset                                                                                          |                3 |             13 |         4.33 |
|  system_i/pll_0/inst/clk_out1 | system_i/cic_0/U0/i_synth/decimator.decimation_filter/rate_we_i                                                                                                    | system_i/cic_0/U0/i_synth/reset                                                                                          |                2 |             13 |         6.50 |
|  system_i/pll_0/inst/clk_out1 | system_i/cic_1/U0/i_synth/decimator.decimation_filter/rfd_int_reg_n_0                                                                                              | system_i/cic_1/U0/i_synth/reset                                                                                          |                7 |             14 |         2.00 |
|  system_i/pll_0/inst/clk_out1 | system_i/cic_0/U0/i_synth/decimator.decimation_filter/rfd_int_reg_n_0                                                                                              | system_i/cic_0/U0/i_synth/reset                                                                                          |                6 |             14 |         2.33 |
|  system_i/pll_0/inst/clk_out1 | system_i/cic_1/U0/i_synth/decimator.decimation_filter/comb/gen_stages[1].gen_unfolded.int_comb_stage/gen_nd_out_dly/gen_rtl.gen_dly.gen_regs.delay_bus_reg[1]_1[0] | system_i/cic_1/U0/i_synth/decimator.decimation_filter/RDY0                                                               |                4 |             16 |         4.00 |
|  system_i/pll_0/inst/clk_out1 | system_i/cic_0/U0/i_synth/decimator.decimation_filter/comb/gen_stages[1].gen_unfolded.int_comb_stage/gen_nd_out_dly/gen_rtl.gen_dly.gen_regs.delay_bus_reg[1]_1[0] | system_i/cic_0/U0/i_synth/decimator.decimation_filter/RDY0                                                               |                4 |             16 |         4.00 |
|  system_i/pll_0/inst/clk_out1 |                                                                                                                                                                    | system_i/rate_1/inst/p_0_in                                                                                              |                4 |             17 |         4.25 |
|  system_i/pll_0/inst/clk_out1 |                                                                                                                                                                    | system_i/rate_0/inst/p_0_in                                                                                              |                4 |             17 |         4.25 |
|  system_i/pll_0/inst/clk_out1 | system_i/hub_0/inst/buf_0/buf_0/int_ready_reg_reg_0                                                                                                                |                                                                                                                          |                4 |             19 |         4.75 |
|  system_i/pll_0/inst/clk_out1 | system_i/cic_1/U0/i_synth/decimator.decimation_filter/comb/gen_stages[0].gen_folded.int_comb_stage/gen_nd_out_dly/nd_array_1                                       | system_i/cic_1/U0/i_synth/decimator.decimation_filter/sclr_int                                                           |                4 |             19 |         4.75 |
|  system_i/pll_0/inst/clk_out1 | system_i/cic_0/U0/i_synth/decimator.decimation_filter/comb/gen_stages[0].gen_folded.int_comb_stage/gen_nd_out_dly/nd_array_1                                       | system_i/cic_0/U0/i_synth/decimator.decimation_filter/sclr_int                                                           |                4 |             19 |         4.75 |
|  system_i/pll_0/inst/clk_out1 | system_i/hub_0/inst/buf_1/buf_1/E[0]                                                                                                                               |                                                                                                                          |                6 |             19 |         3.17 |
|  system_i/pll_0/inst/clk_out1 | system_i/scope_0/inst/int_cntr_reg[22]_i_1_n_0                                                                                                                     | system_i/scope_0/inst/int_addr_reg[22]_i_1_n_0                                                                           |                7 |             23 |         3.29 |
|  system_i/pll_0/inst/clk_out1 | system_i/hub_0/inst/buf_3/buf_0/int_ready_reg_reg_0                                                                                                                |                                                                                                                          |                5 |             23 |         4.60 |
|  system_i/pll_0/inst/clk_out1 | system_i/hub_0/inst/buf_3/buf_1/int_ready_wire                                                                                                                     |                                                                                                                          |                7 |             23 |         3.29 |
|  system_i/pll_0/inst/clk_out1 | system_i/scope_0/inst/int_addr_reg                                                                                                                                 | system_i/scope_0/inst/int_addr_reg[22]_i_1_n_0                                                                           |                6 |             23 |         3.83 |
|  system_i/pll_0/inst/clk_out1 | system_i/cic_1/U0/i_synth/decimator.decimation_filter/comb/gen_stages[0].gen_folded.int_comb_stage/gen_split_accum[0].gen_comb_mem_src.gen_en_dly/E[0]             | system_i/cic_1/U0/i_synth/decimator.decimation_filter/sclr_int                                                           |                3 |             23 |         7.67 |
|  system_i/pll_0/inst/clk_out1 | system_i/cic_1/U0/i_synth/decimator.decimation_filter/comb/gen_stages[0].gen_folded.int_comb_stage/gen_split_accum[0].gen_comb_mem_src.gen_en_dly/en_dly           | system_i/cic_1/U0/i_synth/decimator.decimation_filter/sclr_int                                                           |               10 |             23 |         2.30 |
|  system_i/pll_0/inst/clk_out1 | system_i/cic_1/U0/i_synth/decimator.decimation_filter/comb/gen_stages[0].gen_folded.int_comb_stage/gen_split_accum[0].gen_comb_mem_src.gen_en_dly/en_dly           |                                                                                                                          |                3 |             23 |         7.67 |
|  system_i/pll_0/inst/clk_out1 | system_i/cic_0/U0/i_synth/decimator.decimation_filter/comb/gen_stages[0].gen_folded.int_comb_stage/gen_split_accum[0].gen_comb_mem_src.gen_en_dly/en_dly           | system_i/cic_0/U0/i_synth/decimator.decimation_filter/sclr_int                                                           |                9 |             23 |         2.56 |
|  system_i/pll_0/inst/clk_out1 | system_i/cic_0/U0/i_synth/decimator.decimation_filter/comb/gen_stages[0].gen_folded.int_comb_stage/gen_split_accum[0].gen_comb_mem_src.gen_en_dly/en_dly           |                                                                                                                          |                3 |             23 |         7.67 |
|  system_i/pll_0/inst/clk_out1 | system_i/cic_0/U0/i_synth/decimator.decimation_filter/comb/gen_stages[0].gen_folded.int_comb_stage/gen_split_accum[0].gen_comb_mem_src.gen_en_dly/E[0]             | system_i/cic_0/U0/i_synth/decimator.decimation_filter/sclr_int                                                           |                3 |             23 |         7.67 |
|  system_i/pll_0/inst/clk_out1 | system_i/cic_1/U0/i_synth/decimator.decimation_filter/gen_prog_rate_ip.enable_dly0                                                                                 | system_i/cic_1/U0/i_synth/reset                                                                                          |                5 |             26 |         5.20 |
|  system_i/pll_0/inst/clk_out1 | system_i/cic_0/U0/i_synth/decimator.decimation_filter/gen_prog_rate_ip.enable_dly0                                                                                 | system_i/cic_0/U0/i_synth/reset                                                                                          |                7 |             26 |         3.71 |
|  system_i/pll_0/inst/clk_out1 | system_i/hub_0/inst/buf_1/buf_0/int_ready_reg_reg_0                                                                                                                |                                                                                                                          |                7 |             37 |         5.29 |
|  system_i/pll_0/inst/clk_out1 | system_i/hub_0/inst/buf_1/buf_1/int_ready_wire                                                                                                                     |                                                                                                                          |               10 |             37 |         3.70 |
|  system_i/pll_0/inst/clk_out1 | system_i/hub_0/inst/buf_4/int_rready_wire                                                                                                                          |                                                                                                                          |               16 |             43 |         2.69 |
|  system_i/pll_0/inst/clk_out1 |                                                                                                                                                                    | system_i/cic_1/U0/i_synth/reset                                                                                          |               41 |            111 |         2.71 |
|  system_i/pll_0/inst/clk_out1 |                                                                                                                                                                    | system_i/cic_0/U0/i_synth/reset                                                                                          |               39 |            111 |         2.85 |
|  system_i/pll_0/inst/clk_out1 |                                                                                                                                                                    |                                                                                                                          |               30 |            163 |         5.43 |
|  system_i/pll_0/inst/clk_out1 |                                                                                                                                                                    | system_i/cic_1/U0/i_synth/decimator.decimation_filter/sclr_int                                                           |              182 |            860 |         4.73 |
|  system_i/pll_0/inst/clk_out1 |                                                                                                                                                                    | system_i/cic_0/U0/i_synth/decimator.decimation_filter/sclr_int                                                           |              180 |            860 |         4.78 |
+-------------------------------+--------------------------------------------------------------------------------------------------------------------------------------------------------------------+--------------------------------------------------------------------------------------------------------------------------+------------------+----------------+--------------+


