Copyright 1986-2022 Xilinx, Inc. All Rights Reserved. Copyright 2022-2024 Advanced Micro Devices, Inc. All Rights Reserved.
---------------------------------------------------------------------------------------------------------------------------------------------
| Tool Version : Vivado v.2024.1 (lin64) Build 5076996 Wed May 22 18:36:09 MDT 2024
| Date         : Wed Feb 11 16:10:37 2026
| Host         : Lolo running 64-bit Debian GNU/Linux 12 (bookworm)
| Command      : report_drc -file system_wrapper_drc_opted.rpt -pb system_wrapper_drc_opted.pb -rpx system_wrapper_drc_opted.rpx
| Design       : system_wrapper
| Device       : xc7z010clg400-1
| Speed File   : -1
| Design State : Synthesized
---------------------------------------------------------------------------------------------------------------------------------------------

Report DRC

Table of Contents
-----------------
1. REPORT SUMMARY
2. REPORT DETAILS

1. REPORT SUMMARY
-----------------
            Netlist: netlist
          Floorplan: design_1
      Design limits: <entire design considered>
           Ruledeck: default
             Max violations: <unlimited>
             Violations found: 8
+--------+----------+--------------------------+------------+
| Rule   | Severity | Description              | Violations |
+--------+----------+--------------------------+------------+
| BUFC-1 | Warning  | Input Buffer Connections | 8          |
+--------+----------+--------------------------+------------+

2. REPORT DETAILS
-----------------
BUFC-1#1 Warning
Input Buffer Connections  
Input buffer system_i/gpio_0/inst/GPIO[0].gpio_iobuf/IBUF (in system_i/gpio_0/inst/GPIO[0].gpio_iobuf macro) has no loads. It is recommended to have an input buffer drive an internal load.
Related violations: <none>

BUFC-1#2 Warning
Input Buffer Connections  
Input buffer system_i/gpio_0/inst/GPIO[1].gpio_iobuf/IBUF (in system_i/gpio_0/inst/GPIO[1].gpio_iobuf macro) has no loads. It is recommended to have an input buffer drive an internal load.
Related violations: <none>

BUFC-1#3 Warning
Input Buffer Connections  
Input buffer system_i/gpio_0/inst/GPIO[2].gpio_iobuf/IBUF (in system_i/gpio_0/inst/GPIO[2].gpio_iobuf macro) has no loads. It is recommended to have an input buffer drive an internal load.
Related violations: <none>

BUFC-1#4 Warning
Input Buffer Connections  
Input buffer system_i/gpio_0/inst/GPIO[3].gpio_iobuf/IBUF (in system_i/gpio_0/inst/GPIO[3].gpio_iobuf macro) has no loads. It is recommended to have an input buffer drive an internal load.
Related violations: <none>

BUFC-1#5 Warning
Input Buffer Connections  
Input buffer system_i/gpio_0/inst/GPIO[4].gpio_iobuf/IBUF (in system_i/gpio_0/inst/GPIO[4].gpio_iobuf macro) has no loads. It is recommended to have an input buffer drive an internal load.
Related violations: <none>

BUFC-1#6 Warning
Input Buffer Connections  
Input buffer system_i/gpio_0/inst/GPIO[5].gpio_iobuf/IBUF (in system_i/gpio_0/inst/GPIO[5].gpio_iobuf macro) has no loads. It is recommended to have an input buffer drive an internal load.
Related violations: <none>

BUFC-1#7 Warning
Input Buffer Connections  
Input buffer system_i/gpio_0/inst/GPIO[6].gpio_iobuf/IBUF (in system_i/gpio_0/inst/GPIO[6].gpio_iobuf macro) has no loads. It is recommended to have an input buffer drive an internal load.
Related violations: <none>

BUFC-1#8 Warning
Input Buffer Connections  
Input buffer system_i/gpio_0/inst/GPIO[7].gpio_iobuf/IBUF (in system_i/gpio_0/inst/GPIO[7].gpio_iobuf macro) has no loads. It is recommended to have an input buffer drive an internal load.
Related violations: <none>


